Component: ARM Compiler 5.06 update 7 (build 960) Tool: armlink [4d3601]

==============================================================================

Section Cross References

    startup_stm32f401xc.o(STACK) refers (Special) to heapauxi.o(.text) for __use_two_region_memory
    startup_stm32f401xc.o(HEAP) refers (Special) to heapauxi.o(.text) for __use_two_region_memory
    startup_stm32f401xc.o(RESET) refers (Special) to heapauxi.o(.text) for __use_two_region_memory
    startup_stm32f401xc.o(RESET) refers to startup_stm32f401xc.o(STACK) for __initial_sp
    startup_stm32f401xc.o(RESET) refers to startup_stm32f401xc.o(.text) for Reset_Handler
    startup_stm32f401xc.o(RESET) refers to stm32f4xx_it.o(i.NMI_Handler) for NMI_Handler
    startup_stm32f401xc.o(RESET) refers to stm32f4xx_it.o(i.HardFault_Handler) for HardFault_Handler
    startup_stm32f401xc.o(RESET) refers to stm32f4xx_it.o(i.MemManage_Handler) for MemManage_Handler
    startup_stm32f401xc.o(RESET) refers to stm32f4xx_it.o(i.BusFault_Handler) for BusFault_Handler
    startup_stm32f401xc.o(RESET) refers to stm32f4xx_it.o(i.UsageFault_Handler) for UsageFault_Handler
    startup_stm32f401xc.o(RESET) refers to stm32f4xx_it.o(i.SVC_Handler) for SVC_Handler
    startup_stm32f401xc.o(RESET) refers to stm32f4xx_it.o(i.DebugMon_Handler) for DebugMon_Handler
    startup_stm32f401xc.o(RESET) refers to stm32f4xx_it.o(i.PendSV_Handler) for PendSV_Handler
    startup_stm32f401xc.o(RESET) refers to stm32f4xx_it.o(i.SysTick_Handler) for SysTick_Handler
    startup_stm32f401xc.o(RESET) refers to stm32f4xx_it.o(i.TIM2_IRQHandler) for TIM2_IRQHandler
    startup_stm32f401xc.o(RESET) refers to stm32f4xx_it.o(i.SPI1_IRQHandler) for SPI1_IRQHandler
    startup_stm32f401xc.o(RESET) refers to stm32f4xx_it.o(i.DMA2_Stream0_IRQHandler) for DMA2_Stream0_IRQHandler
    startup_stm32f401xc.o(RESET) refers to stm32f4xx_it.o(i.DMA2_Stream3_IRQHandler) for DMA2_Stream3_IRQHandler
    startup_stm32f401xc.o(RESET) refers to stm32f4xx_it.o(i.DMA2_Stream4_IRQHandler) for DMA2_Stream4_IRQHandler
    startup_stm32f401xc.o(RESET) refers to stm32f4xx_it.o(i.USART6_IRQHandler) for USART6_IRQHandler
    startup_stm32f401xc.o(.text) refers (Special) to heapauxi.o(.text) for __use_two_region_memory
    startup_stm32f401xc.o(.text) refers to system_stm32f4xx.o(i.SystemInit) for SystemInit
    startup_stm32f401xc.o(.text) refers to __main.o(!!!main) for __main
    startup_stm32f401xc.o(.text) refers to startup_stm32f401xc.o(HEAP) for Heap_Mem
    startup_stm32f401xc.o(.text) refers to startup_stm32f401xc.o(STACK) for Stack_Mem
    control.o(i.Get_value) refers to stm32f4xx_hal_adc.o(i.HAL_ADC_Stop_DMA) for HAL_ADC_Stop_DMA
    control.o(i.Get_value) refers to stm32f4xx_hal_adc.o(i.HAL_ADC_Start_DMA) for HAL_ADC_Start_DMA
    control.o(i.Get_value) refers to adc.o(.bss) for hadc1
    control.o(i.Get_value) refers to control.o(.bss) for ADC_Value_buffer
    control.o(i.Get_value) refers to control.o(.data) for I_IN_last
    control.o(i.HAL_TIM_PeriodElapsedCallback) refers to control.o(i.State_Set) for State_Set
    control.o(i.HAL_TIM_PeriodElapsedCallback) refers to control.o(i.I_IN_Correct_calcu) for I_IN_Correct_calcu
    control.o(i.HAL_TIM_PeriodElapsedCallback) refers to control.o(i.Protect) for Protect
    control.o(i.HAL_TIM_PeriodElapsedCallback) refers to control.o(i.P_Limit_Soft_Start) for P_Limit_Soft_Start
    control.o(i.HAL_TIM_PeriodElapsedCallback) refers to stm32f4xx_hal_iwdg.o(i.HAL_IWDG_Refresh) for HAL_IWDG_Refresh
    control.o(i.HAL_TIM_PeriodElapsedCallback) refers to tim.o(.bss) for htim2
    control.o(i.HAL_TIM_PeriodElapsedCallback) refers to iwdg.o(.bss) for hiwdg
    control.o(i.HAL_TIM_PeriodElapsedCallback) refers to stm32f4xx_it.o(.data) for V_C_real
    control.o(i.HAL_TIM_PeriodElapsedCallback) refers to control.o(.data) for State_flag
    control.o(i.I_IN_Correct_calcu) refers to control.o(.bss) for V_Cap_his
    control.o(i.I_IN_Correct_calcu) refers to stm32f4xx_it.o(.data) for V_C_real
    control.o(i.I_IN_Correct_calcu) refers to control.o(.data) for CNTDischarge
    control.o(i.PID_cal) refers to stm32f4xx_it.o(.data) for P_IN_k
    control.o(i.PID_cal) refers to control.o(.data) for plimit
    control.o(i.PID_cal) refers to tim.o(.bss) for htim1
    control.o(i.P_Limit_Soft_Start) refers to stm32f4xx_it.o(.data) for V_C_real
    control.o(i.P_Limit_Soft_Start) refers to control.o(.data) for Plimit_UVCap_Coff
    control.o(i.Protect) refers to control.o(i.Stop) for Stop
    control.o(i.Protect) refers to stm32f4xx_it.o(.data) for V_C_real
    control.o(i.Protect) refers to control.o(.data) for State_flag
    control.o(i.Start) refers to stm32f4xx_hal_tim.o(i.HAL_TIM_PWM_Start) for HAL_TIM_PWM_Start
    control.o(i.Start) refers to stm32f4xx_hal_tim_ex.o(i.HAL_TIMEx_PWMN_Start) for HAL_TIMEx_PWMN_Start
    control.o(i.Start) refers to stm32f4xx_it.o(.data) for V_C_real
    control.o(i.Start) refers to control.o(.data) for Duty
[...]
    .ARM.Collect$$libinit$$00000030          0x0800020e   Section        0  libinit2.o(.ARM.Collect$$libinit$$00000030)
    .ARM.Collect$$libinit$$00000032          0x0800020e   Section        0  libinit2.o(.ARM.Collect$$libinit$$00000032)
    .ARM.Collect$$libinit$$00000033          0x0800020e   Section        2  libinit2.o(.ARM.Collect$$libinit$$00000033)
    .ARM.Collect$$libshutdown$$00000000      0x08000210   Section        2  libshutdown.o(.ARM.Collect$$libshutdown$$00000000)
    .ARM.Collect$$libshutdown$$00000002      0x08000212   Section        0  libshutdown2.o(.ARM.Collect$$libshutdown$$00000002)
    .ARM.Collect$$libshutdown$$00000004      0x08000212   Section        0  libshutdown2.o(.ARM.Collect$$libshutdown$$00000004)
    .ARM.Collect$$libshutdown$$00000006      0x08000212   Section        0  libshutdown2.o(.ARM.Collect$$libshutdown$$00000006)
    .ARM.Collect$$libshutdown$$00000009      0x08000212   Section        0  libshutdown2.o(.ARM.Collect$$libshutdown$$00000009)
    .ARM.Collect$$libshutdown$$0000000C      0x08000212   Section        0  libshutdown2.o(.ARM.Collect$$libshutdown$$0000000C)
    .ARM.Collect$$libshutdown$$0000000E      0x08000212   Section        0  libshutdown2.o(.ARM.Collect$$libshutdown$$0000000E)
    .ARM.Collect$$libshutdown$$00000011      0x08000212   Section        0  libshutdown2.o(.ARM.Collect$$libshutdown$$00000011)
    .ARM.Collect$$libshutdown$$00000012      0x08000212   Section        2  libshutdown2.o(.ARM.Collect$$libshutdown$$00000012)
    .ARM.Collect$$rtentry$$00000000          0x08000214   Section        0  __rtentry.o(.ARM.Collect$$rtentry$$00000000)
    .ARM.Collect$$rtentry$$00000002          0x08000214   Section        0  __rtentry2.o(.ARM.Collect$$rtentry$$00000002)
    .ARM.Collect$$rtentry$$00000004          0x08000214   Section        6  __rtentry4.o(.ARM.Collect$$rtentry$$00000004)
    .ARM.Collect$$rtentry$$00000009          0x0800021a   Section        0  __rtentry2.o(.ARM.Collect$$rtentry$$00000009)
    .ARM.Collect$$rtentry$$0000000A          0x0800021a   Section        4  __rtentry2.o(.ARM.Collect$$rtentry$$0000000A)
    .ARM.Collect$$rtentry$$0000000C          0x0800021e   Section        0  __rtentry2.o(.ARM.Collect$$rtentry$$0000000C)
    .ARM.Collect$$rtentry$$0000000D          0x0800021e   Section        8  __rtentry2.o(.ARM.Collect$$rtentry$$0000000D)
    .ARM.Collect$$rtexit$$00000000           0x08000226   Section        2  rtexit.o(.ARM.Collect$$rtexit$$00000000)
    .ARM.Collect$$rtexit$$00000002           0x08000228   Section        0  rtexit2.o(.ARM.Collect$$rtexit$$00000002)
    .ARM.Collect$$rtexit$$00000003           0x08000228   Section        4  rtexit2.o(.ARM.Collect$$rtexit$$00000003)
    .ARM.Collect$$rtexit$$00000004           0x0800022c   Section        6  rtexit2.o(.ARM.Collect$$rtexit$$00000004)
    .text                                    0x08000234   Section       64  startup_stm32f401xc.o(.text)
    $v0                                      0x08000234   Number         0  startup_stm32f401xc.o(.text)
    .text                                    0x08000274   Section      238  lludivv7m.o(.text)
    .text                                    0x08000362   Section       78  rt_memclr_w.o(.text)
    .text                                    0x080003b0   Section        0  heapauxi.o(.text)
    .text                                    0x080003b6   Section       74  sys_stackheap_outer.o(.text)
    .text                                    0x08000400   Section        0  exit.o(.text)
    .text                                    0x08000414   Section        8  libspace.o(.text)
    .text                                    0x0800041c   Section        0  sys_exit.o(.text)
    .text                                    0x08000428   Section        2  use_no_semi.o(.text)
    .text                                    0x0800042a   Section        0  indicate_semi.o(.text)
    i.ADC_DMAConvCplt                        0x0800042a   Section        0  stm32f4xx_hal_adc.o(i.ADC_DMAConvCplt)
    ADC_DMAConvCplt                          0x0800042b   Thumb Code   126  stm32f4xx_hal_adc.o(i.ADC_DMAConvCplt)
    i.ADC_DMAError                           0x080004a8   Section        0  stm32f4xx_hal_adc.o(i.ADC_DMAError)
    ADC_DMAError                             0x080004a9   Thumb Code    26  stm32f4xx_hal_adc.o(i.ADC_DMAError)
    i.ADC_DMAHalfConvCplt                    0x080004c2   Section        0  stm32f4xx_hal_adc.o(i.ADC_DMAHalfConvCplt)
    ADC_DMAHalfConvCplt                      0x080004c3   Thumb Code    14  stm32f4xx_hal_adc.o(i.ADC_DMAHalfConvCplt)
    i.ADC_Init                               0x080004d0   Section        0  stm32f4xx_hal_adc.o(i.ADC_Init)
    ADC_Init                                 0x080004d1   Thumb Code   344  stm32f4xx_hal_adc.o(i.ADC_Init)
    i.BusFault_Handler                       0x08000630   Section        0  stm32f4xx_it.o(i.BusFault_Handler)
    i.DMA2_Stream0_IRQHandler                0x08000634   Section        0  stm32f4xx_it.o(i.DMA2_Stream0_IRQHandler)
    i.DMA2_Stream3_IRQHandler                0x0800065c   Section        0  stm32f4xx_it.o(i.DMA2_Stream3_IRQHandler)
    i.DMA2_Stream4_IRQHandler                0x0800066c   Section        0  stm32f4xx_it.o(i.DMA2_Stream4_IRQHandler)
    i.DMA_CalcBaseAndBitshift                0x08000830   Section        0  stm32f4xx_hal_dma.o(i.DMA_CalcBaseAndBitshift)
    DMA_CalcBaseAndBitshift                  0x08000831   Thumb Code    46  stm32f4xx_hal_dma.o(i.DMA_CalcBaseAndBitshift)
    i.DMA_CheckFifoParam                     0x08000864   Section        0  stm32f4xx_hal_dma.o(i.DMA_CheckFifoParam)
    DMA_CheckFifoParam                       0x08000865   Thumb Code   170  stm32f4xx_hal_dma.o(i.DMA_CheckFifoParam)
    i.DMA_SetConfig                          0x0800090e   Section        0  stm32f4xx_hal_dma.o(i.DMA_SetConfig)
    DMA_SetConfig                            0x0800090f   Thumb Code    44  stm32f4xx_hal_dma.o(i.DMA_SetConfig)
    i.DebugMon_Handler                       0x0800093a   Section        0  stm32f4xx_it.o(i.DebugMon_Handler)
    i.Error_Handler                          0x0800093c   Section        0  main.o(i.Error_Handler)
    i.HAL_ADC_ConfigChannel                  0x08000944   Section        0  stm32f4xx_hal_adc.o(i.HAL_ADC_ConfigChannel)
    i.HAL_ADC_ConvCpltCallback               0x08000ad0   Section        0  stm32f4xx_hal_adc.o(i.HAL_ADC_ConvCpltCallback)
    i.HAL_ADC_ConvHalfCpltCallback           0x08000ad2   Section        0  stm32f4xx_hal_adc.o(i.HAL_ADC_ConvHalfCpltCallback)
    i.HAL_ADC_ErrorCallback                  0x08000ad4   Section        0  stm32f4xx_hal_adc.o(i.HAL_ADC_ErrorCallback)
    i.HAL_ADC_Init                           0x08000ad8   Section        0  stm32f4xx_hal_adc.o(i.HAL_ADC_Init)
    i.HAL_ADC_MspInit                        0x08000b40   Section        0  adc.o(i.HAL_ADC_MspInit)
    i.HAL_ADC_Start_DMA                      0x08000c08   Section        0  stm32f4xx_hal_adc.o(i.HAL_ADC_Start_DMA)
    i.HAL_DMA_Abort                          0x08000d80   Section        0  stm32f4xx_hal_dma.o(i.HAL_DMA_Abort)
    i.HAL_DMA_Abort_IT                       0x08000e2c   Section        0  stm32f4xx_hal_dma.o(i.HAL_DMA_Abort_IT)
    i.HAL_DMA_IRQHandler                     0x08000e54   Section        0  stm32f4xx_hal_dma.o(i.HAL_DMA_IRQHandler)
    i.HAL_DMA_Init                           0x08001094   Section        0  stm32f4xx_hal_dma.o(i.HAL_DMA_Init)
    i.HAL_DMA_Start_IT                       0x08001180   Section        0  stm32f4xx_hal_dma.o(i.HAL_DMA_Start_IT)
    i.HAL_Delay                              0x08001214   Section        0  stm32f4xx_hal.o(i.HAL_Delay)
    i.HAL_GPIO_Init                          0x0800123c   Section        0  stm32f4xx_hal_gpio.o(i.HAL_GPIO_Init)
    i.HAL_GPIO_TogglePin                     0x08001404   Section        0  stm32f4xx_hal_gpio.o(i.HAL_GPIO_TogglePin)
    i.HAL_GPIO_WritePin                      0x08001418   Section        0  stm32f4xx_hal_gpio.o(i.HAL_GPIO_WritePin)
    i.HAL_GetTick                            0x08001424   Section        0  stm32f4xx_hal.o(i.HAL_GetTick)
    i.HAL_IWDG_Refresh                       0x08001430   Section        0  stm32f4xx_hal_iwdg.o(i.HAL_IWDG_Refresh)
    i.HAL_IncTick                            0x08001440   Section        0  stm32f4xx_hal.o(i.HAL_IncTick)
    i.HAL_Init                               0x08001458   Section        0  stm32f4xx_hal.o(i.HAL_Init)
    i.HAL_InitTick                           0x08001494   Section        0  stm32f4xx_hal.o(i.HAL_InitTick)
    i.HAL_MspInit                            0x080014e0   Section        0  stm32f4xx_hal_msp.o(i.HAL_MspInit)
    i.HAL_NVIC_EnableIRQ                     0x08001528   Section        0  stm32f4xx_hal_cortex.o(i.HAL_NVIC_EnableIRQ)
    i.HAL_NVIC_SetPriority                   0x08001548   Section        0  stm32f4xx_hal_cortex.o(i.HAL_NVIC_SetPriority)
    i.HAL_NVIC_SetPriorityGrouping           0x080015c4   Section        0  stm32f4xx_hal_cortex.o(i.HAL_NVIC_SetPriorityGrouping)
    i.HAL_RCC_ClockConfig                    0x080015ec   Section        0  stm32f4xx_hal_rcc.o(i.HAL_RCC_ClockConfig)
    i.HAL_RCC_GetHCLKFreq                    0x08001770   Section        0  stm32f4xx_hal_rcc.o(i.HAL_RCC_GetHCLKFreq)
    i.HAL_RCC_GetPCLK1Freq                   0x0800177c   Section        0  stm32f4xx_hal_rcc.o(i.HAL_RCC_GetPCLK1Freq)
    i.HAL_RCC_GetPCLK2Freq                   0x0800179c   Section        0  stm32f4xx_hal_rcc.o(i.HAL_RCC_GetPCLK2Freq)
    i.HAL_RCC_GetSysClockFreq                0x080017bc   Section        0  stm32f4xx_hal_rcc.o(i.HAL_RCC_GetSysClockFreq)
    i.HAL_RCC_OscConfig                      0x0800186c   Section        0  stm32f4xx_hal_rcc.o(i.HAL_RCC_OscConfig)
    i.HAL_SPI_ErrorCallback                  0x08001d08   Section        0  spi.o(i.HAL_SPI_ErrorCallback)
    i.HAL_SPI_IRQHandler                     0x08001d0c   Section        0  stm32f4xx_hal_spi.o(i.HAL_SPI_IRQHandler)
    i.HAL_SPI_Init                           0x08001e68   Section        0  stm32f4xx_hal_spi.o(i.HAL_SPI_Init)
    i.HAL_SPI_MspInit                        0x08001f30   Section        0  spi.o(i.HAL_SPI_MspInit)
    i.HAL_SPI_RxCpltCallback                 0x08002040   Section        0  stm32f4xx_hal_spi.o(i.HAL_SPI_RxCpltCallback)
    i.HAL_SPI_RxHalfCpltCallback             0x08002042   Section        0  stm32f4xx_hal_spi.o(i.HAL_SPI_RxHalfCpltCallback)
    i.HAL_SPI_TransmitReceive_DMA            0x08002044   Section        0  stm32f4xx_hal_spi.o(i.HAL_SPI_TransmitReceive_DMA)
    i.HAL_SPI_TxRxCpltCallback               0x080021b0   Section        0  spi.o(i.HAL_SPI_TxRxCpltCallback)
    i.HAL_SPI_TxRxHalfCpltCallback           0x080022f4   Section        0  stm32f4xx_hal_spi.o(i.HAL_SPI_TxRxHalfCpltCallback)
    i.HAL_SYSTICK_Config                     0x080022f6   Section        0  stm32f4xx_hal_cortex.o(i.HAL_SYSTICK_Config)
    i.HAL_TIMEx_BreakCallback                0x0800232a   Section        0  stm32f4xx_hal_tim_ex.o(i.HAL_TIMEx_BreakCallback)
    i.HAL_TIMEx_CommutCallback               0x0800232c   Section        0  stm32f4xx_hal_tim_ex.o(i.HAL_TIMEx_CommutCallback)
    i.HAL_TIMEx_ConfigBreakDeadTime          0x0800232e   Section        0  stm32f4xx_hal_tim_ex.o(i.HAL_TIMEx_ConfigBreakDeadTime)
    i.HAL_TIMEx_MasterConfigSynchronization  0x080023a4   Section        0  stm32f4xx_hal_tim_ex.o(i.HAL_TIMEx_MasterConfigSynchronization)
    i.HAL_TIMEx_PWMN_Start                   0x08002440   Section        0  stm32f4xx_hal_tim_ex.o(i.HAL_TIMEx_PWMN_Start)
    i.HAL_TIMEx_PWMN_Stop                    0x0800251c   Section        0  stm32f4xx_hal_tim_ex.o(i.HAL_TIMEx_PWMN_Stop)
    i.HAL_TIM_Base_Init                      0x080025a4   Section        0  stm32f4xx_hal_tim.o(i.HAL_TIM_Base_Init)
    i.HAL_TIM_Base_MspInit                   0x0800260c   Section        0  tim.o(i.HAL_TIM_Base_MspInit)
    i.HAL_TIM_Base_Start                     0x080026b0   Section        0  stm32f4xx_hal_tim.o(i.HAL_TIM_Base_Start)
    i.HAL_TIM_Base_Start_IT                  0x08002734   Section        0  stm32f4xx_hal_tim.o(i.HAL_TIM_Base_Start_IT)
    i.HAL_TIM_ConfigClockSource              0x080027c4   Section        0  stm32f4xx_hal_tim.o(i.HAL_TIM_ConfigClockSource)
    i.HAL_TIM_IC_CaptureCallback             0x080028d0   Section        0  stm32f4xx_hal_tim.o(i.HAL_TIM_IC_CaptureCallback)
    i.HAL_TIM_IRQHandler                     0x080028d2   Section        0  stm32f4xx_hal_tim.o(i.HAL_TIM_IRQHandler)
    i.HAL_TIM_MspPostInit                    0x08002a68   Section        0  tim.o(i.HAL_TIM_MspPostInit)
    i.HAL_TIM_OC_DelayElapsedCallback        0x08002b0c   Section        0  stm32f4xx_hal_tim.o(i.HAL_TIM_OC_DelayElapsedCallback)
    i.HAL_TIM_PWM_ConfigChannel              0x08002b0e   Section        0  stm32f4xx_hal_tim.o(i.HAL_TIM_PWM_ConfigChannel)
    i.HAL_TIM_PWM_Init                       0x08002c12   Section        0  stm32f4xx_hal_tim.o(i.HAL_TIM_PWM_Init)
    i.HAL_TIM_PWM_MspInit                    0x08002c78   Section        0  stm32f4xx_hal_tim.o(i.HAL_TIM_PWM_MspInit)
    i.HAL_TIM_PWM_PulseFinishedCallback      0x08002c7a   Section        0  stm32f4xx_hal_tim.o(i.HAL_TIM_PWM_PulseFinishedCallback)
    i.HAL_TIM_PWM_Start                      0x08002c7c   Section        0  stm32f4xx_hal_tim.o(i.HAL_TIM_PWM_Start)
    i.HAL_TIM_PWM_Stop                       0x08002d68   Section        0  stm32f4xx_hal_tim.o(i.HAL_TIM_PWM_Stop)
    i.HAL_TIM_PeriodElapsedCallback          0x08002e04   Section        0  control.o(i.HAL_TIM_PeriodElapsedCallback)
    i.HAL_TIM_TriggerCallback                0x08002e90   Section        0  stm32f4xx_hal_tim.o(i.HAL_TIM_TriggerCallback)
    i.HAL_UARTEx_RxEventCallback             0x08002e92   Section        0  stm32f4xx_hal_uart.o(i.HAL_UARTEx_RxEventCallback)
    i.HAL_UART_ErrorCallback                 0x08002e94   Section        0  usart.o(i.HAL_UART_ErrorCallback)
    i.HAL_UART_IRQHandler                    0x08002ee8   Section        0  stm32f4xx_hal_uart.o(i.HAL_UART_IRQHandler)
    i.HAL_UART_Init                          0x080031c8   Section        0  stm32f4xx_hal_uart.o(i.HAL_UART_Init)
    i.HAL_UART_MspInit                       0x0800323c   Section        0  usart.o(i.HAL_UART_MspInit)
    i.HAL_UART_Receive_IT                    0x08003358   Section        0  stm32f4xx_hal_uart.o(i.HAL_UART_Receive_IT)
    i.HAL_UART_RxCpltCallback                0x0800339c   Section        0  usart.o(i.HAL_UART_RxCpltCallback)
    i.HAL_UART_Transmit                      0x0800344c   Section        0  stm32f4xx_hal_uart.o(i.HAL_UART_Transmit)
    i.HAL_UART_TxCpltCallback                0x0800351e   Section        0  stm32f4xx_hal_uart.o(i.HAL_UART_TxCpltCallback)
    i.HardFault_Handler                      0x08003520   Section        0  stm32f4xx_it.o(i.HardFault_Handler)
    i.I_IN_Correct_calcu                     0x08003524   Section        0  control.o(i.I_IN_Correct_calcu)
    i.MX_ADC1_Init                           0x08003714   Section        0  adc.o(i.MX_ADC1_Init)
    i.MX_DMA_Init                            0x080037bc   Section        0  dma.o(i.MX_DMA_Init)
    i.MX_GPIO_Init                           0x08003814   Section        0  gpio.o(i.MX_GPIO_Init)
    i.MX_SPI1_Init                           0x08003964   Section        0  spi.o(i.MX_SPI1_Init)
    i.MX_TIM1_Init                           0x080039a4   Section        0  tim.o(i.MX_TIM1_Init)
    i.MX_TIM2_Init                           0x08003a98   Section        0  tim.o(i.MX_TIM2_Init)
    i.MX_TIM3_Init                           0x08003b04   Section        0  tim.o(i.MX_TIM3_Init)
    i.MX_USART6_UART_Init                    0x08003b74   Section        0  usart.o(i.MX_USART6_UART_Init)
    i.MemManage_Handler                      0x08003bac   Section        0  stm32f4xx_it.o(i.MemManage_Handler)
    i.NMI_Handler                            0x08003bb0   Section        0  stm32f4xx_it.o(i.NMI_Handler)
    i.PID_cal                                0x08003bb4   Section        0  control.o(i.PID_cal)
    i.P_Limit_Soft_Start                     0x08003d28   Section        0  control.o(i.P_Limit_Soft_Start)
    i.PendSV_Handler                         0x08003e04   Section        0  stm32f4xx_it.o(i.PendSV_Handler)
    i.Protect                                0x08003e08   Section        0  control.o(i.Protect)
    i.SPI1_IRQHandler                        0x08003e5c   Section        0  stm32f4xx_it.o(i.SPI1_IRQHandler)
    i.SPI_DMAAbortOnError                    0x08003e6c   Section        0  stm32f4xx_hal_spi.o(i.SPI_DMAAbortOnError)
    SPI_DMAAbortOnError                      0x08003e6d   Thumb Code    20  stm32f4xx_hal_spi.o(i.SPI_DMAAbortOnError)
    i.SPI_DMAError                           0x08003e80   Section        0  stm32f4xx_hal_spi.o(i.SPI_DMAError)
    SPI_DMAError                             0x08003e81   Thumb Code    40  stm32f4xx_hal_spi.o(i.SPI_DMAError)
    i.SPI_DMAHalfReceiveCplt                 0x08003ea8   Section        0  stm32f4xx_hal_spi.o(i.SPI_DMAHalfReceiveCplt)
    SPI_DMAHalfReceiveCplt                   0x08003ea9   Thumb Code    14  stm32f4xx_hal_spi.o(i.SPI_DMAHalfReceiveCplt)
    i.SPI_DMAHalfTransmitReceiveCplt         0x08003eb6   Section        0  stm32f4xx_hal_spi.o(i.SPI_DMAHalfTransmitReceiveCplt)
    SPI_DMAHalfTransmitReceiveCplt           0x08003eb7   Thumb Code    14  stm32f4xx_hal_spi.o(i.SPI_DMAHalfTransmitReceiveCplt)
    i.SPI_DMAReceiveCplt                     0x08003ec4   Section        0  stm32f4xx_hal_spi.o(i.SPI_DMAReceiveCplt)
    SPI_DMAReceiveCplt                       0x08003ec5   Thumb Code   124  stm32f4xx_hal_spi.o(i.SPI_DMAReceiveCplt)
    i.SPI_DMATransmitReceiveCplt             0x08003f40   Section        0  stm32f4xx_hal_spi.o(i.SPI_DMATransmitReceiveCplt)
    SPI_DMATransmitReceiveCplt               0x08003f41   Thumb Code   104  stm32f4xx_hal_spi.o(i.SPI_DMATransmitReceiveCplt)
    i.SPI_EndRxTransaction                   0x08003fa8   Section        0  stm32f4xx_hal_spi.o(i.SPI_EndRxTransaction)
    SPI_EndRxTransaction                     0x08003fa9   Thumb Code   148  stm32f4xx_hal_spi.o(i.SPI_EndRxTransaction)
    i.SPI_EndRxTxTransaction                 0x0800403c   Section        0  stm32f4xx_hal_spi.o(i.SPI_EndRxTxTransaction)
    SPI_EndRxTxTransaction                   0x0800403d   Thumb Code   100  stm32f4xx_hal_spi.o(i.SPI_EndRxTxTransaction)
    i.SPI_WaitFlagStateUntilTimeout          0x080040a8   Section        0  stm32f4xx_hal_spi.o(i.SPI_WaitFlagStateUntilTimeout)
    SPI_WaitFlagStateUntilTimeout            0x080040a9   Thumb Code   210  stm32f4xx_hal_spi.o(i.SPI_WaitFlagStateUntilTimeout)
    i.SVC_Handler                            0x08004180   Section        0  stm32f4xx_it.o(i.SVC_Handler)
    i.Start                                  0x08004184   Section        0  control.o(i.Start)
    i.State_Set                              0x080042b8   Section        0  control.o(i.State_Set)
    i.Stop                                   0x08004340   Section        0  control.o(i.Stop)
    i.SysTick_Handler                        0x08004368   Section        0  stm32f4xx_it.o(i.SysTick_Handler)
    i.SystemClock_Config                     0x08004370   Section        0  main.o(i.SystemClock_Config)
    i.SystemInit                             0x08004428   Section        0  system_stm32f4xx.o(i.SystemInit)
    i.TIM2_IRQHandler                        0x0800443c   Section        0  stm32f4xx_it.o(i.TIM2_IRQHandler)
    i.TIM_Base_SetConfig                     0x0800444c   Section        0  stm32f4xx_hal_tim.o(i.TIM_Base_SetConfig)
    i.TIM_CCxChannelCmd                      0x080044f0   Section        0  stm32f4xx_hal_tim.o(i.TIM_CCxChannelCmd)
    i.TIM_CCxNChannelCmd                     0x08004512   Section        0  stm32f4xx_hal_tim_ex.o(i.TIM_CCxNChannelCmd)
    TIM_CCxNChannelCmd                       0x08004513   Thumb Code    34  stm32f4xx_hal_tim_ex.o(i.TIM_CCxNChannelCmd)
    i.TIM_ETR_SetConfig                      0x08004534   Section        0  stm32f4xx_hal_tim.o(i.TIM_ETR_SetConfig)
    i.TIM_ITRx_SetConfig                     0x0800454a   Section        0  stm32f4xx_hal_tim.o(i.TIM_ITRx_SetConfig)
    TIM_ITRx_SetConfig                       0x0800454b   Thumb Code    18  stm32f4xx_hal_tim.o(i.TIM_ITRx_SetConfig)
    i.TIM_OC1_SetConfig                      0x0800455c   Section        0  stm32f4xx_hal_tim.o(i.TIM_OC1_SetConfig)
    TIM_OC1_SetConfig                        0x0800455d   Thumb Code    90  stm32f4xx_hal_tim.o(i.TIM_OC1_SetConfig)
    i.TIM_OC2_SetConfig                      0x080045bc   Section        0  stm32f4xx_hal_tim.o(i.TIM_OC2_SetConfig)
    i.TIM_OC3_SetConfig                      0x08004624   Section        0  stm32f4xx_hal_tim.o(i.TIM_OC3_SetConfig)
    TIM_OC3_SetConfig                        0x08004625   Thumb Code    98  stm32f4xx_hal_tim.o(i.TIM_OC3_SetConfig)
    i.TIM_OC4_SetConfig                      0x0800468c   Section        0  stm32f4xx_hal_tim.o(i.TIM_OC4_SetConfig)
    TIM_OC4_SetConfig                        0x0800468d   Thumb Code    68  stm32f4xx_hal_tim.o(i.TIM_OC4_SetConfig)
    i.TIM_TI1_ConfigInputStage               0x080046d4   Section        0  stm32f4xx_hal_tim.o(i.TIM_TI1_ConfigInputStage)
    TIM_TI1_ConfigInputStage                 0x080046d5   Thumb Code    38  stm32f4xx_hal_tim.o(i.TIM_TI1_ConfigInputStage)
    i.TIM_TI2_ConfigInputStage               0x080046fa   Section        0  stm32f4xx_hal_tim.o(i.TIM_TI2_ConfigInputStage)
    TIM_TI2_ConfigInputStage                 0x080046fb   Thumb Code    40  stm32f4xx_hal_tim.o(i.TIM_TI2_ConfigInputStage)
    i.UART_DMAAbortOnError                   0x08004722   Section        0  stm32f4xx_hal_uart.o(i.UART_DMAAbortOnError)
    UART_DMAAbortOnError                     0x08004723   Thumb Code    20  stm32f4xx_hal_uart.o(i.UART_DMAAbortOnError)
    i.UART_EndRxTransfer                     0x08004736   Section        0  stm32f4xx_hal_uart.o(i.UART_EndRxTransfer)
    UART_EndRxTransfer                       0x08004737   Thumb Code   108  stm32f4xx_hal_uart.o(i.UART_EndRxTransfer)
    i.UART_EndTransmit_IT                    0x080047a2   Section        0  stm32f4xx_hal_uart.o(i.UART_EndTransmit_IT)
    UART_EndTransmit_IT                      0x080047a3   Thumb Code    32  stm32f4xx_hal_uart.o(i.UART_EndTransmit_IT)
    i.UART_Receive_IT                        0x080047c2   Section        0  stm32f4xx_hal_uart.o(i.UART_Receive_IT)
    UART_Receive_IT                          0x080047c3   Thumb Code   248  stm32f4xx_hal_uart.o(i.UART_Receive_IT)
    i.UART_SetConfig                         0x080048bc   Section        0  stm32f4xx_hal_uart.o(i.UART_SetConfig)
    UART_SetConfig                           0x080048bd   Thumb Code   546  stm32f4xx_hal_uart.o(i.UART_SetConfig)
    i.UART_Start_Receive_IT                  0x08004ae8   Section        0  stm32f4xx_hal_uart.o(i.UART_Start_Receive_IT)
    i.UART_Transmit_IT                       0x08004b32   Section        0  stm32f4xx_hal_uart.o(i.UART_Transmit_IT)
    UART_Transmit_IT                         0x08004b33   Thumb Code    96  stm32f4xx_hal_uart.o(i.UART_Transmit_IT)
    i.UART_WaitOnFlagUntilTimeout            0x08004b92   Section        0  stm32f4xx_hal_uart.o(i.UART_WaitOnFlagUntilTimeout)
    UART_WaitOnFlagUntilTimeout              0x08004b93   Thumb Code   146  stm32f4xx_hal_uart.o(i.UART_WaitOnFlagUntilTimeout)
    i.USART6_IRQHandler                      0x08004c24   Section        0  stm32f4xx_it.o(i.USART6_IRQHandler)
    i.UsageFault_Handler                     0x08004c34   Section        0  stm32f4xx_it.o(i.UsageFault_Handler)
    i.__NVIC_GetPriorityGrouping             0x08004c38   Section        0  stm32f4xx_hal_cortex.o(i.__NVIC_GetPriorityGrouping)
    __NVIC_GetPriorityGrouping               0x08004c39   Thumb Code    10  stm32f4xx_hal_cortex.o(i.__NVIC_GetPriorityGrouping)
    i.__NVIC_SetPriority                     0x08004c48   Section        0  stm32f4xx_hal_cortex.o(i.__NVIC_SetPriority)
    __NVIC_SetPriority                       0x08004c49   Thumb Code    32  stm32f4xx_hal_cortex.o(i.__NVIC_SetPriority)
    i.main                                   0x08004c70   Section        0  main.o(i.main)
    i.my_uart_handle                         0x08004eb0   Section        0  usart.o(i.my_uart_handle)
    x$fpl$fpinit                             0x08004f80   Section       10  fpinit.o(x$fpl$fpinit)
    $v0                                      0x08004f80   Number         0  fpinit.o(x$fpl$fpinit)
    .constdata                               0x08004f8a   Section        8  stm32f4xx_hal_dma.o(.constdata)
    flagBitshiftOffset                       0x08004f8a   Data           8  stm32f4xx_hal_dma.o(.constdata)
    .constdata                               0x08004f92   Section       24  system_stm32f4xx.o(.constdata)
    .data                                    0x20000000   Section      120  control.o(.data)
    CNTDischarge                             0x2000006c   Data           1  control.o(.data)
    CNTcharge                                0x2000006d   Data           1  control.o(.data)
    i                                        0x20000070   Data           4  control.o(.data)
    LED_TEMP                                 0x20000074   Data           4  control.o(.data)
    .data                                    0x20000078   Section       42  main.o(.data)
    uart_send_cnt                            0x200000a1   Data           1  main.o(.data)
    .data                                    0x200000a4   Section       36  stm32f4xx_it.o(.data)
    .data                                    0x200000c8   Section        1  usart.o(.data)
    uart_cnt                                 0x200000c8   Data           1  usart.o(.data)
    .data                                    0x200000cc   Section        9  stm32f4xx_hal.o(.data)
    .data                                    0x200000d8   Section        4  system_stm32f4xx.o(.data)
    .bss                                     0x200000dc   Section      484  control.o(.bss)
    V_Cap_his                                0x2000012c   Data         404  control.o(.bss)
    .bss                                     0x200002c0   Section      168  adc.o(.bss)
    .bss                                     0x20000368   Section      280  spi.o(.bss)
    .bss                                     0x20000480   Section      216  tim.o(.bss)
    .bss                                     0x20000558   Section       12  iwdg.o(.bss)
    .bss                                     0x20000564   Section      166  usart.o(.bss)
    .bss                                     0x2000060c   Section       96  libspace.o(.bss)
    HEAP                                     0x20000670   Section      512  startup_stm32f401xc.o(HEAP)
    Heap_Mem                                 0x20000670   Data         512  startup_stm32f401xc.o(HEAP)
    STACK                                    0x20000870   Section    16384  startup_stm32f401xc.o(STACK)
    Stack_Mem                                0x20000870   Data       16384  startup_stm32f401xc.o(STACK)
    __initial_sp                             0x20004870   Data           0  startup_stm32f401xc.o(STACK)

    Global Symbols

    Symbol Name                              Value     Ov Type        Size  Object(Section)

    BuildAttributes$$THM_ISAv4$E$P$D$K$B$S$7EM$VFPi3$EXTD16$VFPS$VFMA$PE$A:L22UL41UL21$X:L11$S22US41US21$IEEE1$IW$USESV6$~STKCKD$USESV7$~SHL$OSPACE$ROPI$EBA8$UX$STANDARDLIB$REQ8$PRES8$EABIv2 0x00000000   Number         0  anon$$obj.o ABSOLUTE
    __ARM_use_no_argv                        0x00000000   Number         0  main.o ABSOLUTE
    __ARM_exceptions_init                     - Undefined Weak Reference
    __alloca_initialize                       - Undefined Weak Reference
    __arm_fini_                               - Undefined Weak Reference
    __arm_preinit_                            - Undefined Weak Reference
    __cpp_initialize__aeabi_                  - Undefined Weak Reference
    __cxa_finalize                            - Undefined Weak Reference
    __rt_locale                               - Undefined Weak Reference
    __sigvec_lookup                           - Undefined Weak Reference
    _atexit_init                              - Undefined Weak Reference
    _call_atexit_fns                          - Undefined Weak Reference
    _clock_init                               - Undefined Weak Reference
    _fp_trap_init                             - Undefined Weak Reference
    _fp_trap_shutdown                         - Undefined Weak Reference
    _get_lc_collate                           - Undefined Weak Reference
    _get_lc_ctype                             - Undefined Weak Reference
    _get_lc_monetary                          - Undefined Weak Reference
    _get_lc_numeric                           - Undefined Weak Reference
    _get_lc_time                              - Undefined Weak Reference
    _getenv_init                              - Undefined Weak Reference
    _handle_redirection                       - Undefined Weak Reference
    _init_alloc                               - Undefined Weak Reference
    _init_user_alloc                          - Undefined Weak Reference
    _initio                                   - Undefined Weak Reference
    _rand_init                                - Undefined Weak Reference
    _signal_finish                            - Undefined Weak Reference
    _signal_init                              - Undefined Weak Reference
    _terminate_alloc                          - Undefined Weak Reference
    _terminate_user_alloc                     - Undefined Weak Reference
    _terminateio                              - Undefined Weak Reference
    __Vectors_Size                           0x00000194   Number         0  startup_stm32f401xc.o ABSOLUTE
    __Vectors                                0x08000000   Data           4  startup_stm32f401xc.o(RESET)
    __Vectors_End                            0x08000194   Data           0  startup_stm32f401xc.o(RESET)
    __main                                   0x08000195   Thumb Code     8  __main.o(!!!main)
    __scatterload                            0x0800019d   Thumb Code     0  __scatter.o(!!!scatter)
    __scatterload_rt2                        0x0800019d   Thumb Code    44  __scatter.o(!!!scatter)
    __scatterload_rt2_thumb_only             0x0800019d   Thumb Code     0  __scatter.o(!!!scatter)
    __scatterload_null                       0x080001ab   Thumb Code     0  __scatter.o(!!!scatter)
    __scatterload_copy                       0x080001d1   Thumb Code    26  __scatter_copy.o(!!handler_copy)
    __scatterload_zeroinit                   0x080001ed   Thumb Code    28  __scatter_zi.o(!!handler_zi)
    __rt_lib_init                            0x08000209   Thumb Code     0  libinit.o(.ARM.Collect$$libinit$$00000000)
    __rt_lib_init_fp_1                       0x0800020b   Thumb Code     0  libinit2.o(.ARM.Collect$$libinit$$00000001)
    __rt_lib_init_alloca_1                   0x0800020f   Thumb Code     0  libinit2.o(.ARM.Collect$$libinit$$0000002E)
    __rt_lib_init_argv_1                     0x0800020f   Thumb Code     0  libinit2.o(.ARM.Collect$$libinit$$0000002C)
    __rt_lib_init_atexit_1                   0x0800020f   Thumb Code     0  libinit2.o(.ARM.Collect$$libinit$$0000001B)
    __rt_lib_init_clock_1                    0x0800020f   Thumb Code     0  libinit2.o(.ARM.Collect$$libinit$$00000021)
    __rt_lib_init_cpp_1                      0x0800020f   Thumb Code     0  libinit2.o(.ARM.Collect$$libinit$$00000032)
    __rt_lib_init_exceptions_1               0x0800020f   Thumb Code     0  libinit2.o(.ARM.Collect$$libinit$$00000030)
    __rt_lib_init_fp_trap_1                  0x0800020f   Thumb Code     0  libinit2.o(.ARM.Collect$$libinit$$0000001F)
    __rt_lib_init_getenv_1                   0x0800020f   Thumb Code     0  libinit2.o(.ARM.Collect$$libinit$$00000023)
    __rt_lib_init_heap_1                     0x0800020f   Thumb Code     0  libinit2.o(.ARM.Collect$$libinit$$0000000A)
    __rt_lib_init_lc_collate_1               0x0800020f   Thumb Code     0  libinit2.o(.ARM.Collect$$libinit$$00000011)
    __rt_lib_init_lc_ctype_1                 0x0800020f   Thumb Code     0  libinit2.o(.ARM.Collect$$libinit$$00000013)
    __rt_lib_init_lc_monetary_1              0x0800020f   Thumb Code     0  libinit2.o(.ARM.Collect$$libinit$$00000015)
    __rt_lib_init_lc_numeric_1               0x0800020f   Thumb Code     0  libinit2.o(.ARM.Collect$$libinit$$00000017)
    __rt_lib_init_lc_time_1                  0x0800020f   Thumb Code     0  libinit2.o(.ARM.Collect$$libinit$$00000019)
    __rt_lib_init_preinit_1                  0x0800020f   Thumb Code     0  libinit2.o(.ARM.Collect$$libinit$$00000004)
    __rt_lib_init_rand_1                     0x0800020f   Thumb Code     0  libinit2.o(.ARM.Collect$$libinit$$0000000E)
    __rt_lib_init_return                     0x0800020f   Thumb Code     0  libinit2.o(.ARM.Collect$$libinit$$00000033)
    __rt_lib_init_signal_1                   0x0800020f   Thumb Code     0  libinit2.o(.ARM.Collect$$libinit$$0000001D)
    __rt_lib_init_stdio_1                    0x0800020f   Thumb Code     0  libinit2.o(.ARM.Collect$$libinit$$00000025)
    __rt_lib_init_user_alloc_1               0x0800020f   Thumb Code     0  libinit2.o(.ARM.Collect$$libinit$$0000000C)
    __rt_lib_shutdown                        0x08000211   Thumb Code     0  libshutdown.o(.ARM.Collect$$libshutdown$$00000000)
    __rt_lib_shutdown_cpp_1                  0x08000213   Thumb Code     0  libshutdown2.o(.ARM.Collect$$libshutdown$$00000004)
    __rt_lib_shutdown_fini_1                 0x08000213   Thumb Code     0  libshutdown2.o(.ARM.Collect$$libshutdown$$00000002)
    __rt_lib_shutdown_fp_trap_1              0x08000213   Thumb Code     0  libshutdown2.o(.ARM.Collect$$libshutdown$$00000009)
    __rt_lib_shutdown_heap_1                 0x08000213   Thumb Code     0  libshutdown2.o(.ARM.Collect$$libshutdown$$00000011)
    __rt_lib_shutdown_return                 0x08000213   Thumb Code     0  libshutdown2.o(.ARM.Collect$$libshutdown$$00000012)
    __rt_lib_shutdown_signal_1               0x08000213   Thumb Code     0  libshutdown2.o(.ARM.Collect$$libshutdown$$0000000C)
    __rt_lib_shutdown_stdio_1                0x08000213   Thumb Code     0  libshutdown2.o(.ARM.Collect$$libshutdown$$00000006)
    __rt_lib_shutdown_user_alloc_1           0x08000213   Thumb Code     0  libshutdown2.o(.ARM.Collect$$libshutdown$$0000000E)
    __rt_entry                               0x08000215   Thumb Code     0  __rtentry.o(.ARM.Collect$$rtentry$$00000000)
    __rt_entry_presh_1                       0x08000215   Thumb Code     0  __rtentry2.o(.ARM.Collect$$rtentry$$00000002)
    __rt_entry_sh                            0x08000215   Thumb Code     0  __rtentry4.o(.ARM.Collect$$rtentry$$00000004)
    __rt_entry_li                            0x0800021b   Thumb Code     0  __rtentry2.o(.ARM.Collect$$rtentry$$0000000A)
    __rt_entry_postsh_1                      0x0800021b   Thumb Code     0  __rtentry2.o(.ARM.Collect$$rtentry$$00000009)
    __rt_entry_main                          0x0800021f   Thumb Code     0  __rtentry2.o(.ARM.Collect$$rtentry$$0000000D)
    __rt_entry_postli_1                      0x0800021f   Thumb Code     0  __rtentry2.o(.ARM.Collect$$rtentry$$0000000C)
    __rt_exit                                0x08000227   Thumb Code     0  rtexit.o(.ARM.Collect$$rtexit$$00000000)
    __rt_exit_ls                             0x08000229   Thumb Code     0  rtexit2.o(.ARM.Collect$$rtexit$$00000003)
    __rt_exit_prels_1                        0x08000229   Thumb Code     0  rtexit2.o(.ARM.Collect$$rtexit$$00000002)
    __rt_exit_exit                           0x0800022d   Thumb Code     0  rtexit2.o(.ARM.Collect$$rtexit$$00000004)
    Reset_Handler                            0x08000235   Thumb Code     8  startup_stm32f401xc.o(.text)
    ADC_IRQHandler                           0x0800024f   Thumb Code     0  startup_stm32f401xc.o(.text)
    DMA1_Stream0_IRQHandler                  0x0800024f   Thumb Code     0  startup_stm32f401xc.o(.text)
    DMA1_Stream1_IRQHandler                  0x0800024f   Thumb Code     0  startup_stm32f401xc.o(.text)
    DMA1_Stream2_IRQHandler                  0x0800024f   Thumb Code     0  startup_stm32f401xc.o(.text)
    DMA1_Stream3_IRQHandler                  0x0800024f   Thumb Code     0  startup_stm32f401xc.o(.text)
    DMA1_Stream4_IRQHandler                  0x0800024f   Thumb Code     0  startup_stm32f401xc.o(.text)
    DMA1_Stream5_IRQHandler                  0x0800024f   Thumb Code     0  startup_stm32f401xc.o(.text)
    DMA1_Stream6_IRQHandler                  0x0800024f   Thumb Code     0  startup_stm32f401xc.o(.text)
    DMA1_Stream7_IRQHandler                  0x0800024f   Thumb Code     0  startup_stm32f401xc.o(.text)
    DMA2_Stream1_IRQHandler                  0x0800024f   Thumb Code     0  startup_stm32f401xc.o(.text)
    DMA2_Stream2_IRQHandler                  0x0800024f   Thumb Code     0  startup_stm32f401xc.o(.text)
    DMA2_Stream5_IRQHandler                  0x0800024f   Thumb Code     0  startup_stm32f401xc.o(.text)
    DMA2_Stream6_IRQHandler                  0x0800024f   Thumb Code     0  startup_stm32f401xc.o(.text)
    DMA2_Stream7_IRQHandler                  0x0800024f   Thumb Code     0  startup_stm32f401xc.o(.text)
    EXTI0_IRQHandler                         0x0800024f   Thumb Code     0  startup_stm32f401xc.o(.text)
    EXTI15_10_IRQHandler                     0x0800024f   Thumb Code     0  startup_stm32f401xc.o(.text)
    EXTI1_IRQHandler                         0x0800024f   Thumb Code     0  startup_stm32f401xc.o(.text)
    EXTI2_IRQHandler                         0x0800024f   Thumb Code     0  startup_stm32f401xc.o(.text)
    EXTI3_IRQHandler                         0x0800024f   Thumb Code     0  startup_stm32f401xc.o(.text)
    EXTI4_IRQHandler                         0x0800024f   Thumb Code     0  startup_stm32f401xc.o(.text)
    EXTI9_5_IRQHandler                       0x0800024f   Thumb Code     0  startup_stm32f401xc.o(.text)
    FLASH_IRQHandler                         0x0800024f   Thumb Code     0  startup_stm32f401xc.o(.text)
    FPU_IRQHandler                           0x0800024f   Thumb Code     0  startup_stm32f401xc.o(.text)
    I2C1_ER_IRQHandler                       0x0800024f   Thumb Code     0  startup_stm32f401xc.o(.text)
    I2C1_EV_IRQHandler                       0x0800024f   Thumb Code     0  startup_stm32f401xc.o(.text)
    I2C2_ER_IRQHandler                       0x0800024f   Thumb Code     0  startup_stm32f401xc.o(.text)
    I2C2_EV_IRQHandler                       0x0800024f   Thumb Code     0  startup_stm32f401xc.o(.text)
    I2C3_ER_IRQHandler                       0x0800024f   Thumb Code     0  startup_stm32f401xc.o(.text)
    I2C3_EV_IRQHandler                       0x0800024f   Thumb Code     0  startup_stm32f401xc.o(.text)
    OTG_FS_IRQHandler                        0x0800024f   Thumb Code     0  startup_stm32f401xc.o(.text)
    OTG_FS_WKUP_IRQHandler                   0x0800024f   Thumb Code     0  startup_stm32f401xc.o(.text)
    PVD_IRQHandler                           0x0800024f   Thumb Code     0  startup_stm32f401xc.o(.text)
    RCC_IRQHandler                           0x0800024f   Thumb Code     0  startup_stm32f401xc.o(.text)
    RTC_Alarm_IRQHandler                     0x0800024f   Thumb Code     0  startup_stm32f401xc.o(.text)
    RTC_WKUP_IRQHandler                      0x0800024f   Thumb Code     0  startup_stm32f401xc.o(.text)
    SDIO_IRQHandler                          0x0800024f   Thumb Code     0  startup_stm32f401xc.o(.text)
    SPI2_IRQHandler                          0x0800024f   Thumb Code     0  startup_stm32f401xc.o(.text)
    SPI3_IRQHandler                          0x0800024f   Thumb Code     0  startup_stm32f401xc.o(.text)
    SPI4_IRQHandler                          0x0800024f   Thumb Code     0  startup_stm32f401xc.o(.text)
    TAMP_STAMP_IRQHandler                    0x0800024f   Thumb Code     0  startup_stm32f401xc.o(.text)
    TIM1_BRK_TIM9_IRQHandler                 0x0800024f   Thumb Code     0  startup_stm32f401xc.o(.text)
    TIM1_CC_IRQHandler                       0x0800024f   Thumb Code     0  startup_stm32f401xc.o(.text)
    TIM1_TRG_COM_TIM11_IRQHandler            0x0800024f   Thumb Code     0  startup_stm32f401xc.o(.text)
    TIM1_UP_TIM10_IRQHandler                 0x0800024f   Thumb Code     0  startup_stm32f401xc.o(.text)
    TIM3_IRQHandler                          0x0800024f   Thumb Code     0  startup_stm32f401xc.o(.text)
    TIM4_IRQHandler                          0x0800024f   Thumb Code     0  startup_stm32f401xc.o(.text)
    TIM5_IRQHandler                          0x0800024f   Thumb Code     0  startup_stm32f401xc.o(.text)
    USART1_IRQHandler                        0x0800024f   Thumb Code     0  startup_stm32f401xc.o(.text)
    USART2_IRQHandler                        0x0800024f   Thumb Code     0  startup_stm32f401xc.o(.text)
    WWDG_IRQHandler                          0x0800024f   Thumb Code     0  startup_stm32f401xc.o(.text)
    __user_initial_stackheap                 0x08000251   Thumb Code     0  startup_stm32f401xc.o(.text)
    __aeabi_uldivmod                         0x08000275   Thumb Code     0  lludivv7m.o(.text)
    _ll_udiv                                 0x08000275   Thumb Code   238  lludivv7m.o(.text)
    __aeabi_memclr4                          0x08000363   Thumb Code     0  rt_memclr_w.o(.text)
    __aeabi_memclr8                          0x08000363   Thumb Code     0  rt_memclr_w.o(.text)
    __rt_memclr_w                            0x08000363   Thumb Code    78  rt_memclr_w.o(.text)
    _memset_w                                0x08000367   Thumb Code     0  rt_memclr_w.o(.text)
    __use_two_region_memory                  0x080003b1   Thumb Code     2  heapauxi.o(.text)
    __rt_heap_escrow$2region                 0x080003b3   Thumb Code     2  heapauxi.o(.text)
    __rt_heap_expand$2region                 0x080003b5   Thumb Code     2  heapauxi.o(.text)
    __user_setup_stackheap                   0x080003b7   Thumb Code    74  sys_stackheap_outer.o(.text)
    exit                                     0x08000401   Thumb Code    18  exit.o(.text)
    __user_libspace                          0x08000415   Thumb Code     8  libspace.o(.text)
    __user_perproc_libspace                  0x08000415   Thumb Code     0  libspace.o(.text)
    __user_perthread_libspace                0x08000415   Thumb Code     0  libspace.o(.text)
    _sys_exit                                0x0800041d   Thumb Code     8  sys_exit.o(.text)
    __I$use$semihosting                      0x08000429   Thumb Code     0  use_no_semi.o(.text)
    __use_no_semihosting_swi                 0x08000429   Thumb Code     2  use_no_semi.o(.text)
    __semihosting_library_function           0x0800042b   Thumb Code     0  indicate_semi.o(.text)
    BusFault_Handler                         0x08000631   Thumb Code     4  stm32f4xx_it.o(i.BusFault_Handler)
    DMA2_Stream0_IRQHandler                  0x08000635   Thumb Code    22  stm32f4xx_it.o(i.DMA2_Stream0_IRQHandler)
    DMA2_Stream3_IRQHandler                  0x0800065d   Thumb Code    10  stm32f4xx_it.o(i.DMA2_Stream3_IRQHandler)
    DMA2_Stream4_IRQHandler                  0x0800066d   Thumb Code   370  stm32f4xx_it.o(i.DMA2_Stream4_IRQHandler)
    DebugMon_Handler                         0x0800093b   Thumb Code     2  stm32f4xx_it.o(i.DebugMon_Handler)
    Error_Handler                            0x0800093d   Thumb Code     6  main.o(i.Error_Handler)
    HAL_ADC_ConfigChannel                    0x08000945   Thumb Code   380  stm32f4xx_hal_adc.o(i.HAL_ADC_ConfigChannel)
    HAL_ADC_ConvCpltCallback                 0x08000ad1   Thumb Code     2  stm32f4xx_hal_adc.o(i.HAL_ADC_ConvCpltCallback)
    HAL_ADC_ConvHalfCpltCallback             0x08000ad3   Thumb Code     2  stm32f4xx_hal_adc.o(i.HAL_ADC_ConvHalfCpltCallback)
    HAL_ADC_ErrorCallback                    0x08000ad5   Thumb Code     2  stm32f4xx_hal_adc.o(i.HAL_ADC_ErrorCallback)
    HAL_ADC_Init                             0x08000ad9   Thumb Code   100  stm32f4xx_hal_adc.o(i.HAL_ADC_Init)
    HAL_ADC_MspInit                          0x08000b41   Thumb Code   180  adc.o(i.HAL_ADC_MspInit)
    HAL_ADC_Start_DMA                        0x08000c09   Thumb Code   348  stm32f4xx_hal_adc.o(i.HAL_ADC_Start_DMA)
    HAL_DMA_Abort                            0x08000d81   Thumb Code   172  stm32f4xx_hal_dma.o(i.HAL_DMA_Abort)
    HAL_DMA_Abort_IT                         0x08000e2d   Thumb Code    40  stm32f4xx_hal_dma.o(i.HAL_DMA_Abort_IT)
    HAL_DMA_IRQHandler                       0x08000e55   Thumb Code   570  stm32f4xx_hal_dma.o(i.HAL_DMA_IRQHandler)
    HAL_DMA_Init                             0x08001095   Thumb Code   232  stm32f4xx_hal_dma.o(i.HAL_DMA_Init)
    HAL_DMA_Start_IT                         0x08001181   Thumb Code   146  stm32f4xx_hal_dma.o(i.HAL_DMA_Start_IT)
    HAL_Delay                                0x08001215   Thumb Code    36  stm32f4xx_hal.o(i.HAL_Delay)
    HAL_GPIO_Init                            0x0800123d   Thumb Code   424  stm32f4xx_hal_gpio.o(i.HAL_GPIO_Init)
    HAL_GPIO_TogglePin                       0x08001405   Thumb Code    20  stm32f4xx_hal_gpio.o(i.HAL_GPIO_TogglePin)
    HAL_GPIO_WritePin                        0x08001419   Thumb Code    12  stm32f4xx_hal_gpio.o(i.HAL_GPIO_WritePin)
    HAL_GetTick                              0x08001425   Thumb Code     6  stm32f4xx_hal.o(i.HAL_GetTick)
    HAL_IWDG_Refresh                         0x08001431   Thumb Code    14  stm32f4xx_hal_iwdg.o(i.HAL_IWDG_Refresh)
    HAL_IncTick                              0x08001441   Thumb Code    16  stm32f4xx_hal.o(i.HAL_IncTick)
    HAL_Init                                 0x08001459   Thumb Code    54  stm32f4xx_hal.o(i.HAL_Init)
    HAL_InitTick                             0x08001495   Thumb Code    64  stm32f4xx_hal.o(i.HAL_InitTick)
    HAL_MspInit                              0x080014e1   Thumb Code    68  stm32f4xx_hal_msp.o(i.HAL_MspInit)
    HAL_NVIC_EnableIRQ                       0x08001529   Thumb Code    32  stm32f4xx_hal_cortex.o(i.HAL_NVIC_EnableIRQ)
    HAL_NVIC_SetPriority                     0x08001549   Thumb Code   124  stm32f4xx_hal_cortex.o(i.HAL_NVIC_SetPriority)
    HAL_NVIC_SetPriorityGrouping             0x080015c5   Thumb Code    32  stm32f4xx_hal_cortex.o(i.HAL_NVIC_SetPriorityGrouping)
    HAL_RCC_ClockConfig                      0x080015ed   Thumb Code   368  stm32f4xx_hal_rcc.o(i.HAL_RCC_ClockConfig)
    HAL_RCC_GetHCLKFreq                      0x08001771   Thumb Code     6  stm32f4xx_hal_rcc.o(i.HAL_RCC_GetHCLKFreq)
    HAL_RCC_GetPCLK1Freq                     0x0800177d   Thumb Code    22  stm32f4xx_hal_rcc.o(i.HAL_RCC_GetPCLK1Freq)
    HAL_RCC_GetPCLK2Freq                     0x0800179d   Thumb Code    22  stm32f4xx_hal_rcc.o(i.HAL_RCC_GetPCLK2Freq)
    HAL_RCC_GetSysClockFreq                  0x080017bd   Thumb Code   162  stm32f4xx_hal_rcc.o(i.HAL_RCC_GetSysClockFreq)
    HAL_RCC_OscConfig                        0x0800186d   Thumb Code  1172  stm32f4xx_hal_rcc.o(i.HAL_RCC_OscConfig)
    HAL_SPI_ErrorCallback                    0x08001d09   Thumb Code     2  spi.o(i.HAL_SPI_ErrorCallback)
    HAL_SPI_IRQHandler                       0x08001d0d   Thumb Code   342  stm32f4xx_hal_spi.o(i.HAL_SPI_IRQHandler)
    HAL_SPI_Init                             0x08001e69   Thumb Code   200  stm32f4xx_hal_spi.o(i.HAL_SPI_Init)
    HAL_SPI_MspInit                          0x08001f31   Thumb Code   246  spi.o(i.HAL_SPI_MspInit)
    HAL_SPI_RxCpltCallback                   0x08002041   Thumb Code     2  stm32f4xx_hal_spi.o(i.HAL_SPI_RxCpltCallback)
    HAL_SPI_RxHalfCpltCallback               0x08002043   Thumb Code     2  stm32f4xx_hal_spi.o(i.HAL_SPI_RxHalfCpltCallback)
    HAL_SPI_TransmitReceive_DMA              0x08002045   Thumb Code   342  stm32f4xx_hal_spi.o(i.HAL_SPI_TransmitReceive_DMA)
    HAL_SPI_TxRxCpltCallback                 0x080021b1   Thumb Code   288  spi.o(i.HAL_SPI_TxRxCpltCallback)
    HAL_SPI_TxRxHalfCpltCallback             0x080022f5   Thumb Code     2  stm32f4xx_hal_spi.o(i.HAL_SPI_TxRxHalfCpltCallback)
    HAL_SYSTICK_Config                       0x080022f7   Thumb Code    52  stm32f4xx_hal_cortex.o(i.HAL_SYSTICK_Config)
    HAL_TIMEx_BreakCallback                  0x0800232b   Thumb Code     2  stm32f4xx_hal_tim_ex.o(i.HAL_TIMEx_BreakCallback)
    HAL_TIMEx_CommutCallback                 0x0800232d   Thumb Code     2  stm32f4xx_hal_tim_ex.o(i.HAL_TIMEx_CommutCallback)
    HAL_TIMEx_ConfigBreakDeadTime            0x0800232f   Thumb Code   116  stm32f4xx_hal_tim_ex.o(i.HAL_TIMEx_ConfigBreakDeadTime)
    HAL_TIMEx_MasterConfigSynchronization    0x080023a5   Thumb Code   134  stm32f4xx_hal_tim_ex.o(i.HAL_TIMEx_MasterConfigSynchronization)
    HAL_TIMEx_PWMN_Start                     0x08002441   Thumb Code   198  stm32f4xx_hal_tim_ex.o(i.HAL_TIMEx_PWMN_Start)
    HAL_TIMEx_PWMN_Stop                      0x0800251d   Thumb Code   136  stm32f4xx_hal_tim_ex.o(i.HAL_TIMEx_PWMN_Stop)
    HAL_TIM_Base_Init                        0x080025a5   Thumb Code   102  stm32f4xx_hal_tim.o(i.HAL_TIM_Base_Init)
    HAL_TIM_Base_MspInit                     0x0800260d   Thumb Code   152  tim.o(i.HAL_TIM_Base_MspInit)
    HAL_TIM_Base_Start                       0x080026b1   Thumb Code   110  stm32f4xx_hal_tim.o(i.HAL_TIM_Base_Start)
    HAL_TIM_Base_Start_IT                    0x08002735   Thumb Code   122  stm32f4xx_hal_tim.o(i.HAL_TIM_Base_Start_IT)
    HAL_TIM_ConfigClockSource                0x080027c5   Thumb Code   268  stm32f4xx_hal_tim.o(i.HAL_TIM_ConfigClockSource)
    HAL_TIM_IC_CaptureCallback               0x080028d1   Thumb Code     2  stm32f4xx_hal_tim.o(i.HAL_TIM_IC_CaptureCallback)
    HAL_TIM_IRQHandler                       0x080028d3   Thumb Code   406  stm32f4xx_hal_tim.o(i.HAL_TIM_IRQHandler)
    HAL_TIM_MspPostInit                      0x08002a69   Thumb Code   148  tim.o(i.HAL_TIM_MspPostInit)
    HAL_TIM_OC_DelayElapsedCallback          0x08002b0d   Thumb Code     2  stm32f4xx_hal_tim.o(i.HAL_TIM_OC_DelayElapsedCallback)
    HAL_TIM_PWM_ConfigChannel                0x08002b0f   Thumb Code   260  stm32f4xx_hal_tim.o(i.HAL_TIM_PWM_ConfigChannel)
    HAL_TIM_PWM_Init                         0x08002c13   Thumb Code   102  stm32f4xx_hal_tim.o(i.HAL_TIM_PWM_Init)
    HAL_TIM_PWM_MspInit                      0x08002c79   Thumb Code     2  stm32f4xx_hal_tim.o(i.HAL_TIM_PWM_MspInit)
    HAL_TIM_PWM_PulseFinishedCallback        0x08002c7b   Thumb Code     2  stm32f4xx_hal_tim.o(i.HAL_TIM_PWM_PulseFinishedCallback)
    HAL_TIM_PWM_Start                        0x08002c7d   Thumb Code   214  stm32f4xx_hal_tim.o(i.HAL_TIM_PWM_Start)
    HAL_TIM_PWM_Stop                         0x08002d69   Thumb Code   152  stm32f4xx_hal_tim.o(i.HAL_TIM_PWM_Stop)
    HAL_TIM_PeriodElapsedCallback            0x08002e05   Thumb Code   112  control.o(i.HAL_TIM_PeriodElapsedCallback)
    HAL_TIM_TriggerCallback                  0x08002e91   Thumb Code     2  stm32f4xx_hal_tim.o(i.HAL_TIM_TriggerCallback)
    HAL_UARTEx_RxEventCallback               0x08002e93   Thumb Code     2  stm32f4xx_hal_uart.o(i.HAL_UARTEx_RxEventCallback)
    HAL_UART_ErrorCallback                   0x08002e95   Thumb Code    76  usart.o(i.HAL_UART_ErrorCallback)
    HAL_UART_IRQHandler                      0x08002ee9   Thumb Code   732  stm32f4xx_hal_uart.o(i.HAL_UART_IRQHandler)
    HAL_UART_Init                            0x080031c9   Thumb Code   114  stm32f4xx_hal_uart.o(i.HAL_UART_Init)
    HAL_UART_MspInit                         0x0800323d   Thumb Code   262  usart.o(i.HAL_UART_MspInit)
    HAL_UART_Receive_IT                      0x08003359   Thumb Code    66  stm32f4xx_hal_uart.o(i.HAL_UART_Receive_IT)
    HAL_UART_RxCpltCallback                  0x0800339d   Thumb Code   154  usart.o(i.HAL_UART_RxCpltCallback)
    HAL_UART_Transmit                        0x0800344d   Thumb Code   210  stm32f4xx_hal_uart.o(i.HAL_UART_Transmit)
    HAL_UART_TxCpltCallback                  0x0800351f   Thumb Code     2  stm32f4xx_hal_uart.o(i.HAL_UART_TxCpltCallback)
    HardFault_Handler                        0x08003521   Thumb Code     4  stm32f4xx_it.o(i.HardFault_Handler)
    I_IN_Correct_calcu                       0x08003525   Thumb Code   438  control.o(i.I_IN_Correct_calcu)
    MX_ADC1_Init                             0x08003715   Thumb Code   158  adc.o(i.MX_ADC1_Init)
    MX_DMA_Init                              0x080037bd   Thumb Code    84  dma.o(i.MX_DMA_Init)
    MX_GPIO_Init                             0x08003815   Thumb Code   314  gpio.o(i.MX_GPIO_Init)
    MX_SPI1_Init                             0x08003965   Thumb Code    54  spi.o(i.MX_SPI1_Init)
    MX_TIM1_Init                             0x080039a5   Thumb Code   236  tim.o(i.MX_TIM1_Init)
    MX_TIM2_Init                             0x08003a99   Thumb Code   104  tim.o(i.MX_TIM2_Init)
    MX_TIM3_Init                             0x08003b05   Thumb Code   104  tim.o(i.MX_TIM3_Init)
    MX_USART6_UART_Init                      0x08003b75   Thumb Code    46  usart.o(i.MX_USART6_UART_Init)
    MemManage_Handler                        0x08003bad   Thumb Code     4  stm32f4xx_it.o(i.MemManage_Handler)
    NMI_Handler                              0x08003bb1   Thumb Code     4  stm32f4xx_it.o(i.NMI_Handler)
    PID_cal                                  0x08003bb5   Thumb Code   320  control.o(i.PID_cal)
    P_Limit_Soft_Start                       0x08003d29   Thumb Code   188  control.o(i.P_Limit_Soft_Start)
    PendSV_Handler                           0x08003e05   Thumb Code     2  stm32f4xx_it.o(i.PendSV_Handler)
    Protect                                  0x08003e09   Thumb Code    66  control.o(i.Protect)
    SPI1_IRQHandler                          0x08003e5d   Thumb Code    10  stm32f4xx_it.o(i.SPI1_IRQHandler)
    SVC_Handler                              0x08004181   Thumb Code     2  stm32f4xx_it.o(i.SVC_Handler)
    Start                                    0x08004185   Thumb Code   258  control.o(i.Start)
    State_Set                                0x080042b9   Thumb Code   116  control.o(i.State_Set)
    Stop                                     0x08004341   Thumb Code    36  control.o(i.Stop)
    SysTick_Handler                          0x08004369   Thumb Code     8  stm32f4xx_it.o(i.SysTick_Handler)
    SystemClock_Config                       0x08004371   Thumb Code   174  main.o(i.SystemClock_Config)
    SystemInit                               0x08004429   Thumb Code    14  system_stm32f4xx.o(i.SystemInit)
    TIM2_IRQHandler                          0x0800443d   Thumb Code    10  stm32f4xx_it.o(i.TIM2_IRQHandler)
    TIM_Base_SetConfig                       0x0800444d   Thumb Code   134  stm32f4xx_hal_tim.o(i.TIM_Base_SetConfig)
    TIM_CCxChannelCmd                        0x080044f1   Thumb Code    34  stm32f4xx_hal_tim.o(i.TIM_CCxChannelCmd)
    TIM_ETR_SetConfig                        0x08004535   Thumb Code    22  stm32f4xx_hal_tim.o(i.TIM_ETR_SetConfig)
    TIM_OC2_SetConfig                        0x080045bd   Thumb Code   100  stm32f4xx_hal_tim.o(i.TIM_OC2_SetConfig)
    UART_Start_Receive_IT                    0x08004ae9   Thumb Code    74  stm32f4xx_hal_uart.o(i.UART_Start_Receive_IT)
    USART6_IRQHandler                        0x08004c25   Thumb Code    10  stm32f4xx_it.o(i.USART6_IRQHandler)
    UsageFault_Handler                       0x08004c35   Thumb Code     4  stm32f4xx_it.o(i.UsageFault_Handler)
    main                                     0x08004c71   Thumb Code   498  main.o(i.main)
    my_uart_handle                           0x08004eb1   Thumb Code   184  usart.o(i.my_uart_handle)
    _fp_init                                 0x08004f81   Thumb Code    10  fpinit.o(x$fpl$fpinit)
    __fplib_config_fpu_vfp                   0x08004f89   Thumb Code     0  fpinit.o(x$fpl$fpinit)
    __fplib_config_pureend_doubles           0x08004f89   Thumb Code     0  fpinit.o(x$fpl$fpinit)
    AHBPrescTable                            0x08004f92   Data          16  system_stm32f4xx.o(.constdata)
    APBPrescTable                            0x08004fa2   Data           8  system_stm32f4xx.o(.constdata)
    Region$$Table$$Base                      0x08004fac   Number         0  anon$$obj.o(Region$$Table)
    Region$$Table$$Limit                     0x08004fcc   Number         0  anon$$obj.o(Region$$Table)
    error_flag                               0x20000000   Data           1  control.o(.data)
    State_flag                               0x20000001   Data           1  control.o(.data)
    V_C                                      0x20000004   Data           4  control.o(.data)
    V_IN                                     0x20000008   Data           4  control.o(.data)
    I_IN                                     0x2000000c   Data           4  control.o(.data)
    PIN                                      0x20000010   Data           4  control.o(.data)
    V_C_last                                 0x20000014   Data           4  control.o(.data)
    V_IN_last                                0x20000018   Data           4  control.o(.data)
    I_IN_last                                0x2000001c   Data           4  control.o(.data)
    Buck_boost                               0x20000020   Data          24  control.o(.data)
    P_buf                                    0x20000038   Data          24  control.o(.data)
    Duty                                     0x20000050   Data           4  control.o(.data)
    Duty_buck                                0x20000054   Data           4  control.o(.data)
    Duty_boost                               0x20000058   Data           4  control.o(.data)
    plimit                                   0x2000005c   Data           4  control.o(.data)
    count0                                   0x20000060   Data           4  control.o(.data)
    testtt1                                  0x20000064   Data           1  control.o(.data)
    testtt2                                  0x20000065   Data           1  control.o(.data)
    CAP_Charge                               0x20000066   Data           1  control.o(.data)
    CAP_DisCharge                            0x20000067   Data           1  control.o(.data)
    Plimit_UVCap_Coff                        0x20000068   Data           4  control.o(.data)
    ADC_1                                    0x20000078   Data           2  main.o(.data)
    temp_1                                   0x2000007c   Data           4  main.o(.data)
    SPI_to_401_Plimit                        0x20000080   Data           8  main.o(.data)
    SPI_from_401_Vcap                        0x20000088   Data           8  main.o(.data)
    RX_Plimit                                0x20000090   Data           4  main.o(.data)
    TX_Vcap                                  0x20000094   Data           4  main.o(.data)
    SPI_TXdata                               0x20000098   Data           4  main.o(.data)
    SPI_RXdata                               0x2000009c   Data           4  main.o(.data)
    uart_data                                0x200000a0   Data           1  main.o(.data)
    V_C_k                                    0x200000a4   Data           2  stm32f4xx_it.o(.data)
    V_IN_k                                   0x200000a6   Data           2  stm32f4xx_it.o(.data)
    I_IN_k                                   0x200000a8   Data           2  stm32f4xx_it.o(.data)
    V_C_k_1                                  0x200000aa   Data           2  stm32f4xx_it.o(.data)
    V_IN_k_1                                 0x200000ac   Data           2  stm32f4xx_it.o(.data)
    I_IN_k_1                                 0x200000ae   Data           2  stm32f4xx_it.o(.data)
    P_IN_k                                   0x200000b0   Data           4  stm32f4xx_it.o(.data)
    P_IN_k_1                                 0x200000b4   Data           4  stm32f4xx_it.o(.data)
    V_C_real                                 0x200000b8   Data           4  stm32f4xx_it.o(.data)
    V_IN_real                                0x200000bc   Data           4  stm32f4xx_it.o(.data)
    I_IN_real                                0x200000c0   Data           4  stm32f4xx_it.o(.data)
    I_IN_Correct                             0x200000c4   Data           4  stm32f4xx_it.o(.data)
    uwTick                                   0x200000cc   Data           4  stm32f4xx_hal.o(.data)
    uwTickPrio                               0x200000d0   Data           4  stm32f4xx_hal.o(.data)
    uwTickFreq                               0x200000d4   Data           1  stm32f4xx_hal.o(.data)
    SystemCoreClock                          0x200000d8   Data           4  system_stm32f4xx.o(.data)
    ADC_Value_buffer                         0x200000dc   Data          60  control.o(.bss)
    Vap_History                              0x20000118   Data          20  control.o(.bss)
    hadc1                                    0x200002c0   Data          72  adc.o(.bss)
    hdma_adc1                                0x20000308   Data          96  adc.o(.bss)
    hspi1                                    0x20000368   Data          88  spi.o(.bss)
    hdma_spi1_rx                             0x200003c0   Data          96  spi.o(.bss)
    hdma_spi1_tx                             0x20000420   Data          96  spi.o(.bss)
    htim1                                    0x20000480   Data          72  tim.o(.bss)
    htim2                                    0x200004c8   Data          72  tim.o(.bss)
    htim3                                    0x20000510   Data          72  tim.o(.bss)
    hiwdg                                    0x20000558   Data          12  iwdg.o(.bss)
    huart1                                   0x20000564   Data          68  usart.o(.bss)
    huart6                                   0x200005a8   Data          68  usart.o(.bss)
    uart_history                             0x200005ec   Data          30  usart.o(.bss)
    __libspace_start                         0x2000060c   Data          96  libspace.o(.bss)
    __temporary_stack_top$libspace           0x2000066c   Data           0  libspace.o(.bss)



==============================================================================

Memory Map of the image

  Image Entry point : 0x08000195

  Load Region LR_IROM1 (Base: 0x08000000, Size: 0x000050a8, Max: 0x00040000, ABSOLUTE)

    Execution Region ER_IROM1 (Exec base: 0x08000000, Load base: 0x08000000, Size: 0x00004fcc, Max: 0x00040000, ABSOLUTE)

    Exec Addr    Load Addr    Size         Type   Attr      Idx    E Section Name        Object

    0x08000000   0x08000000   0x00000194   Data   RO            3    RESET               startup_stm32f401xc.o
    0x08000194   0x08000194   0x00000008   Code   RO         4006  * !!!main             c_w.l(__main.o)
    0x0800019c   0x0800019c   0x00000034   Code   RO         4175    !!!scatter          c_w.l(__scatter.o)
    0x080001d0   0x080001d0   0x0000001a   Code   RO         4177    !!handler_copy      c_w.l(__scatter_copy.o)
    0x080001ea   0x080001ea   0x00000002   PAD
    0x080001ec   0x080001ec   0x0000001c   Code   RO         4179    !!handler_zi        c_w.l(__scatter_zi.o)
    0x08000208   0x08000208   0x00000002   Code   RO         4043    .ARM.Collect$$libinit$$00000000  c_w.l(libinit.o)
    0x0800020a   0x0800020a   0x00000004   Code   RO         4055    .ARM.Collect$$libinit$$00000001  c_w.l(libinit2.o)
    0x0800020e   0x0800020e   0x00000000   Code   RO         4058    .ARM.Collect$$libinit$$00000004  c_w.l(libinit2.o)
    0x0800020e   0x0800020e   0x00000000   Code   RO         4061    .ARM.Collect$$libinit$$0000000A  c_w.l(libinit2.o)
    0x0800020e   0x0800020e   0x00000000   Code   RO         4063    .ARM.Collect$$libinit$$0000000C  c_w.l(libinit2.o)
    0x0800020e   0x0800020e   0x00000000   Code   RO         4065    .ARM.Collect$$libinit$$0000000E  c_w.l(libinit2.o)
    0x0800020e   0x0800020e   0x00000000   Code   RO         4068    .ARM.Collect$$libinit$$00000011  c_w.l(libinit2.o)
    0x0800020e   0x0800020e   0x00000000   Code   RO         4070    .ARM.Collect$$libinit$$00000013  c_w.l(libinit2.o)
    0x0800020e   0x0800020e   0x00000000   Code   RO         4072    .ARM.Collect$$libinit$$00000015  c_w.l(libinit2.o)
    0x0800020e   0x0800020e   0x00000000   Code   RO         4074    .ARM.Collect$$libinit$$00000017  c_w.l(libinit2.o)
    0x0800020e   0x0800020e   0x00000000   Code   RO         4076    .ARM.Collect$$libinit$$00000019  c_w.l(libinit2.o)
    0x0800020e   0x0800020e   0x00000000   Code   RO         4078    .ARM.Collect$$libinit$$0000001B  c_w.l(libinit2.o)
    0x0800020e   0x0800020e   0x00000000   Code   RO         4080    .ARM.Collect$$libinit$$0000001D  c_w.l(libinit2.o)
    0x0800020e   0x0800020e   0x00000000   Code   RO         4082    .ARM.Collect$$libinit$$0000001F  c_w.l(libinit2.o)
    0x0800020e   0x0800020e   0x00000000   Code   RO         4084    .ARM.Collect$$libinit$$00000021  c_w.l(libinit2.o)
    0x0800020e   0x0800020e   0x00000000   Code   RO         4086    .ARM.Collect$$libinit$$00000023  c_w.l(libinit2.o)
    0x0800020e   0x0800020e   0x00000000   Code   RO         4088    .ARM.Collect$$libinit$$00000025  c_w.l(libinit2.o)
    0x0800020e   0x0800020e   0x00000000   Code   RO         4092    .ARM.Collect$$libinit$$0000002C  c_w.l(libinit2.o)
    0x0800020e   0x0800020e   0x00000000   Code   RO         4094    .ARM.Collect$$libinit$$0000002E  c_w.l(libinit2.o)
    0x0800020e   0x0800020e   0x00000000   Code   RO         4096    .ARM.Collect$$libinit$$00000030  c_w.l(libinit2.o)
    0x0800020e   0x0800020e   0x00000000   Code   RO         4098    .ARM.Collect$$libinit$$00000032  c_w.l(libinit2.o)
    0x0800020e   0x0800020e   0x00000002   Code   RO         4099    .ARM.Collect$$libinit$$00000033  c_w.l(libinit2.o)
    0x08000210   0x08000210   0x00000002   Code   RO         4130    .ARM.Collect$$libshutdown$$00000000  c_w.l(libshutdown.o)
    0x08000212   0x08000212   0x00000000   Code   RO         4156    .ARM.Collect$$libshutdown$$00000002  c_w.l(libshutdown2.o)
    0x08000212   0x08000212   0x00000000   Code   RO         4158    .ARM.Collect$$libshutdown$$00000004  c_w.l(libshutdown2.o)
    0x08000212   0x08000212   0x00000000   Code   RO         4160    .ARM.Collect$$libshutdown$$00000006  c_w.l(libshutdown2.o)
    0x08000212   0x08000212   0x00000000   Code   RO         4163    .ARM.Collect$$libshutdown$$00000009  c_w.l(libshutdown2.o)
    0x08000212   0x08000212   0x00000000   Code   RO         4166    .ARM.Collect$$libshutdown$$0000000C  c_w.l(libshutdown2.o)
    0x08000212   0x08000212   0x00000000   Code   RO         4168    .ARM.Collect$$libshutdown$$0000000E  c_w.l(libshutdown2.o)
    0x08000212   0x08000212   0x00000000   Code   RO         4171    .ARM.Collect$$libshutdown$$00000011  c_w.l(libshutdown2.o)
    0x08000212   0x08000212   0x00000002   Code   RO         4172    .ARM.Collect$$libshutdown$$00000012  c_w.l(libshutdown2.o)
    0x08000214   0x08000214   0x00000000   Code   RO         4008    .ARM.Collect$$rtentry$$00000000  c_w.l(__rtentry.o)
    0x08000214   0x08000214   0x00000000   Code   RO         4014    .ARM.Collect$$rtentry$$00000002  c_w.l(__rtentry2.o)
    0x08000214   0x08000214   0x00000006   Code   RO         4026    .ARM.Collect$$rtentry$$00000004  c_w.l(__rtentry4.o)
    0x0800021a   0x0800021a   0x00000000   Code   RO         4016    .ARM.Collect$$rtentry$$00000009  c_w.l(__rtentry2.o)
    0x0800021a   0x0800021a   0x00000004   Code   RO         4017    .ARM.Collect$$rtentry$$0000000A  c_w.l(__rtentry2.o)
    0x0800021e   0x0800021e   0x00000000   Code   RO         4019    .ARM.Collect$$rtentry$$0000000C  c_w.l(__rtentry2.o)
    0x0800021e   0x0800021e   0x00000008   Code   RO         4020    .ARM.Collect$$rtentry$$0000000D  c_w.l(__rtentry2.o)
    0x08000226   0x08000226   0x00000002   Code   RO         4047    .ARM.Collect$$rtexit$$00000000  c_w.l(rtexit.o)
    0x08000228   0x08000228   0x00000000   Code   RO         4103    .ARM.Collect$$rtexit$$00000002  c_w.l(rtexit2.o)
    0x08000228   0x08000228   0x00000004   Code   RO         4104    .ARM.Collect$$rtexit$$00000003  c_w.l(rtexit2.o)
    0x0800022c   0x0800022c   0x00000006   Code   RO         4105    .ARM.Collect$$rtexit$$00000004  c_w.l(rtexit2.o)
    0x08000232   0x08000232   0x00000002   PAD
    0x08000234   0x08000234   0x00000040   Code   RO            4    .text               startup_stm32f401xc.o
    0x08000274   0x08000274   0x000000ee   Code   RO         4000    .text               c_w.l(lludivv7m.o)
    0x08000362   0x08000362   0x0000004e   Code   RO         4002    .text               c_w.l(rt_memclr_w.o)
    0x080003b0   0x080003b0   0x00000006   Code   RO         4004    .text               c_w.l(heapauxi.o)
    0x080003b6   0x080003b6   0x0000004a   Code   RO         4030    .text               c_w.l(sys_stackheap_outer.o)
    0x08000400   0x08000400   0x00000012   Code   RO         4032    .text               c_w.l(exit.o)
    0x08000412   0x08000412   0x00000002   PAD
    0x08000414   0x08000414   0x00000008   Code   RO         4044    .text               c_w.l(libspace.o)
    0x0800041c   0x0800041c   0x0000000c   Code   RO         4100    .text               c_w.l(sys_exit.o)
    0x08000428   0x08000428   0x00000002   Code   RO         4119    .text               c_w.l(use_no_semi.o)
    0x0800042a   0x0800042a   0x00000000   Code   RO         4121    .text               c_w.l(indicate_semi.o)
    0x0800042a   0x0800042a   0x0000007e   Code   RO          743    i.ADC_DMAConvCplt   stm32f4xx_hal_adc.o
    0x080004a8   0x080004a8   0x0000001a   Code   RO          744    i.ADC_DMAError      stm32f4xx_hal_adc.o
    0x080004c2   0x080004c2   0x0000000e   Code   RO          745    i.ADC_DMAHalfConvCplt  stm32f4xx_hal_adc.o
    0x080004d0   0x080004d0   0x00000160   Code   RO          746    i.ADC_Init          stm32f4xx_hal_adc.o
    0x08000630   0x08000630   0x00000004   Code   RO          490    i.BusFault_Handler  stm32f4xx_it.o
    0x08000634   0x08000634   0x00000028   Code   RO          491    i.DMA2_Stream0_IRQHandler  stm32f4xx_it.o
    0x0800065c   0x0800065c   0x00000010   Code   RO          492    i.DMA2_Stream3_IRQHandler  stm32f4xx_it.o
    0x0800066c   0x0800066c   0x000001c4   Code   RO          493    i.DMA2_Stream4_IRQHandler  stm32f4xx_it.o
    0x08000830   0x08000830   0x00000034   Code   RO         1559    i.DMA_CalcBaseAndBitshift  stm32f4xx_hal_dma.o
    0x08000864   0x08000864   0x000000aa   Code   RO         1560    i.DMA_CheckFifoParam  stm32f4xx_hal_dma.o
    0x0800090e   0x0800090e   0x0000002c   Code   RO         1561    i.DMA_SetConfig     stm32f4xx_hal_dma.o
    0x0800093a   0x0800093a   0x00000002   Code   RO          494    i.DebugMon_Handler  stm32f4xx_it.o
    0x0800093c   0x0800093c   0x00000006   Code   RO          224    i.Error_Handler     main.o
    0x08000942   0x08000942   0x00000002   PAD
    0x08000944   0x08000944   0x0000018c   Code   RO          748    i.HAL_ADC_ConfigChannel  stm32f4xx_hal_adc.o
    0x08000ad0   0x08000ad0   0x00000002   Code   RO          749    i.HAL_ADC_ConvCpltCallback  stm32f4xx_hal_adc.o
    0x08000ad2   0x08000ad2   0x00000002   Code   RO          750    i.HAL_ADC_ConvHalfCpltCallback  stm32f4xx_hal_adc.o
    0x08000ad4   0x08000ad4   0x00000002   Code   RO          752    i.HAL_ADC_ErrorCallback  stm32f4xx_hal_adc.o
    0x08000ad6   0x08000ad6   0x00000002   PAD
    0x08000ad8   0x08000ad8   0x00000068   Code   RO          757    i.HAL_ADC_Init      stm32f4xx_hal_adc.o
    0x08000b40   0x08000b40   0x000000c8   Code   RO          310    i.HAL_ADC_MspInit   adc.o
    0x08000c08   0x08000c08   0x00000178   Code   RO          764    i.HAL_ADC_Start_DMA  stm32f4xx_hal_adc.o
    0x08000d80   0x08000d80   0x000000ac   Code   RO         1562    i.HAL_DMA_Abort     stm32f4xx_hal_dma.o
    0x08000e2c   0x08000e2c   0x00000028   Code   RO         1563    i.HAL_DMA_Abort_IT  stm32f4xx_hal_dma.o
    0x08000e54   0x08000e54   0x00000240   Code   RO         1567    i.HAL_DMA_IRQHandler  stm32f4xx_hal_dma.o
    0x08001094   0x08001094   0x000000ec   Code   RO         1568    i.HAL_DMA_Init      stm32f4xx_hal_dma.o
    0x08001180   0x08001180   0x00000092   Code   RO         1572    i.HAL_DMA_Start_IT  stm32f4xx_hal_dma.o
    0x08001212   0x08001212   0x00000002   PAD
    0x08001214   0x08001214   0x00000028   Code   RO         2010    i.HAL_Delay         stm32f4xx_hal.o
    0x0800123c   0x0800123c   0x000001c8   Code   RO         1455    i.HAL_GPIO_Init     stm32f4xx_hal_gpio.o
    0x08001404   0x08001404   0x00000014   Code   RO         1458    i.HAL_GPIO_TogglePin  stm32f4xx_hal_gpio.o
    0x08001418   0x08001418   0x0000000c   Code   RO         1459    i.HAL_GPIO_WritePin  stm32f4xx_hal_gpio.o
    0x08001424   0x08001424   0x0000000c   Code   RO         2016    i.HAL_GetTick       stm32f4xx_hal.o
    0x08001430   0x08001430   0x0000000e   Code   RO         3568    i.HAL_IWDG_Refresh  stm32f4xx_hal_iwdg.o
    0x0800143e   0x0800143e   0x00000002   PAD
    0x08001440   0x08001440   0x00000018   Code   RO         2022    i.HAL_IncTick       stm32f4xx_hal.o
    0x08001458   0x08001458   0x0000003c   Code   RO         2023    i.HAL_Init          stm32f4xx_hal.o
    0x08001494   0x08001494   0x0000004c   Code   RO         2024    i.HAL_InitTick      stm32f4xx_hal.o
    0x080014e0   0x080014e0   0x00000048   Code   RO          609    i.HAL_MspInit       stm32f4xx_hal_msp.o
    0x08001528   0x08001528   0x00000020   Code   RO         1868    i.HAL_NVIC_EnableIRQ  stm32f4xx_hal_cortex.o
    0x08001548   0x08001548   0x0000007c   Code   RO         1874    i.HAL_NVIC_SetPriority  stm32f4xx_hal_cortex.o
    0x080015c4   0x080015c4   0x00000028   Code   RO         1875    i.HAL_NVIC_SetPriorityGrouping  stm32f4xx_hal_cortex.o
    0x080015ec   0x080015ec   0x00000184   Code   RO         1022    i.HAL_RCC_ClockConfig  stm32f4xx_hal_rcc.o
    0x08001770   0x08001770   0x0000000c   Code   RO         1027    i.HAL_RCC_GetHCLKFreq  stm32f4xx_hal_rcc.o
    0x0800177c   0x0800177c   0x00000020   Code   RO         1029    i.HAL_RCC_GetPCLK1Freq  stm32f4xx_hal_rcc.o
    0x0800179c   0x0800179c   0x00000020   Code   RO         1030    i.HAL_RCC_GetPCLK2Freq  stm32f4xx_hal_rcc.o
    0x080017bc   0x080017bc   0x000000b0   Code   RO         1031    i.HAL_RCC_GetSysClockFreq  stm32f4xx_hal_rcc.o
    0x0800186c   0x0800186c   0x0000049c   Code   RO         1034    i.HAL_RCC_OscConfig  stm32f4xx_hal_rcc.o
    0x08001d08   0x08001d08   0x00000002   Code   RO          375    i.HAL_SPI_ErrorCallback  spi.o
    0x08001d0a   0x08001d0a   0x00000002   PAD
    0x08001d0c   0x08001d0c   0x0000015c   Code   RO         2271    i.HAL_SPI_IRQHandler  stm32f4xx_hal_spi.o
    0x08001e68   0x08001e68   0x000000c8   Code   RO         2272    i.HAL_SPI_Init      stm32f4xx_hal_spi.o
    0x08001f30   0x08001f30   0x00000110   Code   RO          377    i.HAL_SPI_MspInit   spi.o
    0x08002040   0x08002040   0x00000002   Code   RO         2278    i.HAL_SPI_RxCpltCallback  stm32f4xx_hal_spi.o
    0x08002042   0x08002042   0x00000002   Code   RO         2279    i.HAL_SPI_RxHalfCpltCallback  stm32f4xx_hal_spi.o
    0x08002044   0x08002044   0x0000016c   Code   RO         2282    i.HAL_SPI_TransmitReceive_DMA  stm32f4xx_hal_spi.o
    0x080021b0   0x080021b0   0x00000144   Code   RO          378    i.HAL_SPI_TxRxCpltCallback  spi.o
    0x080022f4   0x080022f4   0x00000002   Code   RO         2289    i.HAL_SPI_TxRxHalfCpltCallback  stm32f4xx_hal_spi.o
    0x080022f6   0x080022f6   0x00000034   Code   RO         1879    i.HAL_SYSTICK_Config  stm32f4xx_hal_cortex.o
    0x0800232a   0x0800232a   0x00000002   Code   RO         3300    i.HAL_TIMEx_BreakCallback  stm32f4xx_hal_tim_ex.o
    0x0800232c   0x0800232c   0x00000002   Code   RO         3301    i.HAL_TIMEx_CommutCallback  stm32f4xx_hal_tim_ex.o
    0x0800232e   0x0800232e   0x00000074   Code   RO         3303    i.HAL_TIMEx_ConfigBreakDeadTime  stm32f4xx_hal_tim_ex.o
    0x080023a2   0x080023a2   0x00000002   PAD
    0x080023a4   0x080023a4   0x0000009c   Code   RO         3319    i.HAL_TIMEx_MasterConfigSynchronization  stm32f4xx_hal_tim_ex.o
    0x08002440   0x08002440   0x000000dc   Code   RO         3330    i.HAL_TIMEx_PWMN_Start  stm32f4xx_hal_tim_ex.o
    0x0800251c   0x0800251c   0x00000088   Code   RO         3333    i.HAL_TIMEx_PWMN_Stop  stm32f4xx_hal_tim_ex.o
    0x080025a4   0x080025a4   0x00000066   Code   RO         2585    i.HAL_TIM_Base_Init  stm32f4xx_hal_tim.o
    0x0800260a   0x0800260a   0x00000002   PAD
    0x0800260c   0x0800260c   0x000000a4   Code   RO          431    i.HAL_TIM_Base_MspInit  tim.o
    0x080026b0   0x080026b0   0x00000084   Code   RO         2588    i.HAL_TIM_Base_Start  stm32f4xx_hal_tim.o
    0x08002734   0x08002734   0x00000090   Code   RO         2590    i.HAL_TIM_Base_Start_IT  stm32f4xx_hal_tim.o
    0x080027c4   0x080027c4   0x0000010c   Code   RO         2594    i.HAL_TIM_ConfigClockSource  stm32f4xx_hal_tim.o
    0x080028d0   0x080028d0   0x00000002   Code   RO         2619    i.HAL_TIM_IC_CaptureCallback  stm32f4xx_hal_tim.o
    0x080028d2   0x080028d2   0x00000196   Code   RO         2633    i.HAL_TIM_IRQHandler  stm32f4xx_hal_tim.o
    0x08002a68   0x08002a68   0x000000a4   Code   RO          432    i.HAL_TIM_MspPostInit  tim.o
    0x08002b0c   0x08002b0c   0x00000002   Code   RO         2636    i.HAL_TIM_OC_DelayElapsedCallback  stm32f4xx_hal_tim.o
    0x08002b0e   0x08002b0e   0x00000104   Code   RO         2657    i.HAL_TIM_PWM_ConfigChannel  stm32f4xx_hal_tim.o
    0x08002c12   0x08002c12   0x00000066   Code   RO         2660    i.HAL_TIM_PWM_Init  stm32f4xx_hal_tim.o
    0x08002c78   0x08002c78   0x00000002   Code   RO         2662    i.HAL_TIM_PWM_MspInit  stm32f4xx_hal_tim.o
    0x08002c7a   0x08002c7a   0x00000002   Code   RO         2663    i.HAL_TIM_PWM_PulseFinishedCallback  stm32f4xx_hal_tim.o
    0x08002c7c   0x08002c7c   0x000000ec   Code   RO         2665    i.HAL_TIM_PWM_Start  stm32f4xx_hal_tim.o
    0x08002d68   0x08002d68   0x0000009c   Code   RO         2668    i.HAL_TIM_PWM_Stop  stm32f4xx_hal_tim.o
    0x08002e04   0x08002e04   0x0000008c   Code   RO           14    i.HAL_TIM_PeriodElapsedCallback  control.o
    0x08002e90   0x08002e90   0x00000002   Code   RO         2676    i.HAL_TIM_TriggerCallback  stm32f4xx_hal_tim.o
    0x08002e92   0x08002e92   0x00000002   Code   RO         3608    i.HAL_UARTEx_RxEventCallback  stm32f4xx_hal_uart.o
    0x08002e94   0x08002e94   0x00000054   Code   RO          663    i.HAL_UART_ErrorCallback  usart.o
    0x08002ee8   0x08002ee8   0x000002e0   Code   RO         3625    i.HAL_UART_IRQHandler  stm32f4xx_hal_uart.o
    0x080031c8   0x080031c8   0x00000072   Code   RO         3626    i.HAL_UART_Init     stm32f4xx_hal_uart.o
    0x0800323a   0x0800323a   0x00000002   PAD
    0x0800323c   0x0800323c   0x0000011c   Code   RO          665    i.HAL_UART_MspInit  usart.o
    0x08003358   0x08003358   0x00000042   Code   RO         3631    i.HAL_UART_Receive_IT  stm32f4xx_hal_uart.o
    0x0800339a   0x0800339a   0x00000002   PAD
    0x0800339c   0x0800339c   0x000000b0   Code   RO          666    i.HAL_UART_RxCpltCallback  usart.o
    0x0800344c   0x0800344c   0x000000d2   Code   RO         3634    i.HAL_UART_Transmit  stm32f4xx_hal_uart.o
    0x0800351e   0x0800351e   0x00000002   Code   RO         3637    i.HAL_UART_TxCpltCallback  stm32f4xx_hal_uart.o
    0x08003520   0x08003520   0x00000004   Code   RO          495    i.HardFault_Handler  stm32f4xx_it.o
    0x08003524   0x08003524   0x000001f0   Code   RO           15    i.I_IN_Correct_calcu  control.o
    0x08003714   0x08003714   0x000000a8   Code   RO          311    i.MX_ADC1_Init      adc.o
    0x080037bc   0x080037bc   0x00000058   Code   RO          351    i.MX_DMA_Init       dma.o
    0x08003814   0x08003814   0x00000150   Code   RO          285    i.MX_GPIO_Init      gpio.o
    0x08003964   0x08003964   0x00000040   Code   RO          379    i.MX_SPI1_Init      spi.o
    0x080039a4   0x080039a4   0x000000f4   Code   RO          433    i.MX_TIM1_Init      tim.o
    0x08003a98   0x08003a98   0x0000006c   Code   RO          434    i.MX_TIM2_Init      tim.o
    0x08003b04   0x08003b04   0x00000070   Code   RO          435    i.MX_TIM3_Init      tim.o
    0x08003b74   0x08003b74   0x00000038   Code   RO          668    i.MX_USART6_UART_Init  usart.o
    0x08003bac   0x08003bac   0x00000004   Code   RO          496    i.MemManage_Handler  stm32f4xx_it.o
    0x08003bb0   0x08003bb0   0x00000004   Code   RO          497    i.NMI_Handler       stm32f4xx_it.o
    0x08003bb4   0x08003bb4   0x00000174   Code   RO           16    i.PID_cal           control.o
    0x08003d28   0x08003d28   0x000000dc   Code   RO           18    i.P_Limit_Soft_Start  control.o
    0x08003e04   0x08003e04   0x00000002   Code   RO          498    i.PendSV_Handler    stm32f4xx_it.o
    0x08003e06   0x08003e06   0x00000002   PAD
    0x08003e08   0x08003e08   0x00000054   Code   RO           19    i.Protect           control.o
    0x08003e5c   0x08003e5c   0x00000010   Code   RO          499    i.SPI1_IRQHandler   stm32f4xx_it.o
    0x08003e6c   0x08003e6c   0x00000014   Code   RO         2299    i.SPI_DMAAbortOnError  stm32f4xx_hal_spi.o
    0x08003e80   0x08003e80   0x00000028   Code   RO         2300    i.SPI_DMAError      stm32f4xx_hal_spi.o
    0x08003ea8   0x08003ea8   0x0000000e   Code   RO         2301    i.SPI_DMAHalfReceiveCplt  stm32f4xx_hal_spi.o
    0x08003eb6   0x08003eb6   0x0000000e   Code   RO         2303    i.SPI_DMAHalfTransmitReceiveCplt  stm32f4xx_hal_spi.o
    0x08003ec4   0x08003ec4   0x0000007c   Code   RO         2304    i.SPI_DMAReceiveCplt  stm32f4xx_hal_spi.o
    0x08003f40   0x08003f40   0x00000068   Code   RO         2307    i.SPI_DMATransmitReceiveCplt  stm32f4xx_hal_spi.o
    0x08003fa8   0x08003fa8   0x00000094   Code   RO         2309    i.SPI_EndRxTransaction  stm32f4xx_hal_spi.o
    0x0800403c   0x0800403c   0x0000006c   Code   RO         2310    i.SPI_EndRxTxTransaction  stm32f4xx_hal_spi.o
    0x080040a8   0x080040a8   0x000000d8   Code   RO         2315    i.SPI_WaitFlagStateUntilTimeout  stm32f4xx_hal_spi.o
    0x08004180   0x08004180   0x00000002   Code   RO          500    i.SVC_Handler       stm32f4xx_it.o
    0x08004182   0x08004182   0x00000002   PAD
    0x08004184   0x08004184   0x00000134   Code   RO           20    i.Start             control.o
    0x080042b8   0x080042b8   0x00000088   Code   RO           21    i.State_Set         control.o
    0x08004340   0x08004340   0x00000028   Code   RO           22    i.Stop              control.o
    0x08004368   0x08004368   0x00000008   Code   RO          501    i.SysTick_Handler   stm32f4xx_it.o
    0x08004370   0x08004370   0x000000b8   Code   RO          225    i.SystemClock_Config  main.o
    0x08004428   0x08004428   0x00000014   Code   RO         3965    i.SystemInit        system_stm32f4xx.o
    0x0800443c   0x0800443c   0x00000010   Code   RO          502    i.TIM2_IRQHandler   stm32f4xx_it.o
    0x0800444c   0x0800444c   0x000000a4   Code   RO         2678    i.TIM_Base_SetConfig  stm32f4xx_hal_tim.o
    0x080044f0   0x080044f0   0x00000022   Code   RO         2679    i.TIM_CCxChannelCmd  stm32f4xx_hal_tim.o
    0x08004512   0x08004512   0x00000022   Code   RO         3339    i.TIM_CCxNChannelCmd  stm32f4xx_hal_tim_ex.o
    0x08004534   0x08004534   0x00000016   Code   RO         2689    i.TIM_ETR_SetConfig  stm32f4xx_hal_tim.o
    0x0800454a   0x0800454a   0x00000012   Code   RO         2690    i.TIM_ITRx_SetConfig  stm32f4xx_hal_tim.o
    0x0800455c   0x0800455c   0x00000060   Code   RO         2691    i.TIM_OC1_SetConfig  stm32f4xx_hal_tim.o
    0x080045bc   0x080045bc   0x00000068   Code   RO         2692    i.TIM_OC2_SetConfig  stm32f4xx_hal_tim.o
    0x08004624   0x08004624   0x00000068   Code   RO         2693    i.TIM_OC3_SetConfig  stm32f4xx_hal_tim.o
    0x0800468c   0x0800468c   0x00000048   Code   RO         2694    i.TIM_OC4_SetConfig  stm32f4xx_hal_tim.o
    0x080046d4   0x080046d4   0x00000026   Code   RO         2696    i.TIM_TI1_ConfigInputStage  stm32f4xx_hal_tim.o
    0x080046fa   0x080046fa   0x00000028   Code   RO         2698    i.TIM_TI2_ConfigInputStage  stm32f4xx_hal_tim.o
    0x08004722   0x08004722   0x00000014   Code   RO         3639    i.UART_DMAAbortOnError  stm32f4xx_hal_uart.o
    0x08004736   0x08004736   0x0000006c   Code   RO         3649    i.UART_EndRxTransfer  stm32f4xx_hal_uart.o
    0x080047a2   0x080047a2   0x00000020   Code   RO         3650    i.UART_EndTransmit_IT  stm32f4xx_hal_uart.o
    0x080047c2   0x080047c2   0x000000f8   Code   RO         3652    i.UART_Receive_IT   stm32f4xx_hal_uart.o
    0x080048ba   0x080048ba   0x00000002   PAD
    0x080048bc   0x080048bc   0x0000022c   Code   RO         3653    i.UART_SetConfig    stm32f4xx_hal_uart.o
    0x08004ae8   0x08004ae8   0x0000004a   Code   RO         3655    i.UART_Start_Receive_IT  stm32f4xx_hal_uart.o
    0x08004b32   0x08004b32   0x00000060   Code   RO         3656    i.UART_Transmit_IT  stm32f4xx_hal_uart.o
    0x08004b92   0x08004b92   0x00000092   Code   RO         3657    i.UART_WaitOnFlagUntilTimeout  stm32f4xx_hal_uart.o
    0x08004c24   0x08004c24   0x00000010   Code   RO          503    i.USART6_IRQHandler  stm32f4xx_it.o
    0x08004c34   0x08004c34   0x00000004   Code   RO          504    i.UsageFault_Handler  stm32f4xx_it.o
    0x08004c38   0x08004c38   0x00000010   Code   RO         1881    i.__NVIC_GetPriorityGrouping  stm32f4xx_hal_cortex.o
    0x08004c48   0x08004c48   0x00000028   Code   RO         1882    i.__NVIC_SetPriority  stm32f4xx_hal_cortex.o
    0x08004c70   0x08004c70   0x00000240   Code   RO          226    i.main              main.o
    0x08004eb0   0x08004eb0   0x000000d0   Code   RO          669    i.my_uart_handle    usart.o
    0x08004f80   0x08004f80   0x0000000a   Code   RO         4115    x$fpl$fpinit        fz_wm.l(fpinit.o)
    0x08004f8a   0x08004f8a   0x00000008   Data   RO         1574    .constdata          stm32f4xx_hal_dma.o
    0x08004f92   0x08004f92   0x00000018   Data   RO         3966    .constdata          system_stm32f4xx.o
    0x08004faa   0x08004faa   0x00000002   PAD
    0x08004fac   0x08004fac   0x00000020   Data   RO         4173    Region$$Table       anon$$obj.o


    Execution Region RW_IRAM1 (Exec base: 0x20000000, Load base: 0x08004fcc, Size: 0x00004870, Max: 0x00010000, ABSOLUTE)

    Exec Addr    Load Addr    Size         Type   Attr      Idx    E Section Name        Object

    0x20000000   0x08004fcc   0x00000078   Data   RW           24    .data               control.o
    0x20000078   0x08005044   0x0000002a   Data   RW          227    .data               main.o
    0x200000a2   0x0800506e   0x00000002   PAD
    0x200000a4   0x08005070   0x00000024   Data   RW          505    .data               stm32f4xx_it.o
    0x200000c8   0x08005094   0x00000001   Data   RW          673    .data               usart.o
    0x200000c9   0x08005095   0x00000003   PAD
    0x200000cc   0x08005098   0x00000009   Data   RW         2030    .data               stm32f4xx_hal.o
    0x200000d5   0x080050a1   0x00000003   PAD
    0x200000d8   0x080050a4   0x00000004   Data   RW         3967    .data               system_stm32f4xx.o
    0x200000dc        -       0x000001e4   Zero   RW           23    .bss                control.o
    0x200002c0        -       0x000000a8   Zero   RW          312    .bss                adc.o
    0x20000368        -       0x00000118   Zero   RW          380    .bss                spi.o
    0x20000480        -       0x000000d8   Zero   RW          436    .bss                tim.o
    0x20000558        -       0x0000000c   Zero   RW          634    .bss                iwdg.o
    0x20000564        -       0x000000a6   Zero   RW          672    .bss                usart.o
    0x2000060a   0x080050a8   0x00000002   PAD
    0x2000060c        -       0x00000060   Zero   RW         4045    .bss                c_w.l(libspace.o)
    0x2000066c   0x080050a8   0x00000004   PAD
    0x20000670        -       0x00000200   Zero   RW            2    HEAP                startup_stm32f401xc.o
    0x20000870        -       0x00004000   Zero   RW            1    STACK               startup_stm32f401xc.o


==============================================================================

Image component sizes


      Code (inc. data)   RO Data    RW Data    ZI Data      Debug   Object Name

       368         30          0          0        168       2107   adc.o
      1796        262          0        120        484     447852   control.o
        88          4          0          0          0        898   dma.o
       336         22          0          0          0       1183   gpio.o
         0          0          0          0         12        260   iwdg.o
       766         88          0         42          0       3772   main.o
       662         72          0          0        280       3411   spi.o
        64         26        404          0      16896        896   startup_stm32f401xc.o
       212         36          0          9          0       9725   stm32f4xx_hal.o
      1400         56          0          0          0       7989   stm32f4xx_hal_adc.o
       304         22          0          0          0      34855   stm32f4xx_hal_cortex.o
      1436         16          8          0          0       7550   stm32f4xx_hal_dma.o
       488         32          0          0          0       2969   stm32f4xx_hal_gpio.o
        14          0          0          0          0       1247   stm32f4xx_hal_iwdg.o
        72          4          0          0          0        974   stm32f4xx_hal_msp.o
      1820         84          0          0          0       6028   stm32f4xx_hal_rcc.o
      1706         42          0          0          0      12567   stm32f4xx_hal_spi.o
      2508        120          0          0          0      19256   stm32f4xx_hal_tim.o
       666         44          0          0          0       6050   stm32f4xx_hal_tim_ex.o
      2410         14          0          0          0      12887   stm32f4xx_hal_uart.o
       590        124          0         36          0       9681   stm32f4xx_it.o
        20          6         24          4          0       1307   system_stm32f4xx.o
       792         48          0          0        216       4414   tim.o
       808         86          0          1        166       4385   usart.o

    ----------------------------------------------------------------------
     19350       1238        470        220      18224     602263   Object Totals
         0          0         32          0          0          0   (incl. Generated)
        24          0          2          8          2          0   (incl. Padding)

    ----------------------------------------------------------------------

      Code (inc. data)   RO Data    RW Data    ZI Data      Debug   Library Member Name

         8          0          0          0          0         68   __main.o
         0          0          0          0          0          0   __rtentry.o
        12          0          0          0          0          0   __rtentry2.o
         6          0          0          0          0          0   __rtentry4.o
        52          8          0          0          0          0   __scatter.o
        26          0          0          0          0          0   __scatter_copy.o
        28          0          0          0          0          0   __scatter_zi.o
        18          0          0          0          0         80   exit.o
         6          0          0          0          0        152   heapauxi.o
         0          0          0          0          0          0   indicate_semi.o
         2          0          0          0          0          0   libinit.o
         6          0          0          0          0          0   libinit2.o
         2          0          0          0          0          0   libshutdown.o
         2          0          0          0          0          0   libshutdown2.o
         8          4          0          0         96         68   libspace.o
       238          0          0          0          0        100   lludivv7m.o
        78          0          0          0          0         80   rt_memclr_w.o
         2          0          0          0          0          0   rtexit.o
        10          0          0          0          0          0   rtexit2.o
        12          4          0          0          0         68   sys_exit.o
        74          0          0          0          0         80   sys_stackheap_outer.o
         2          0          0          0          0         68   use_no_semi.o
        10          0          0          0          0        116   fpinit.o

    ----------------------------------------------------------------------
       608         16          0          0        100        880   Library Totals
         6          0          0          0          4          0   (incl. Padding)

    ----------------------------------------------------------------------

      Code (inc. data)   RO Data    RW Data    ZI Data      Debug   Library Name

       592         16          0          0         96        764   c_w.l
        10          0          0          0          0        116   fz_wm.l

    ----------------------------------------------------------------------
       608         16          0          0        100        880   Library Totals

    ----------------------------------------------------------------------

==============================================================================


      Code (inc. data)   RO Data    RW Data    ZI Data      Debug   

     19958       1254        470        220      18324     589483   Grand Totals
     19958       1254        470        220      18324     589483   ELF Image Totals
     19958       1254        470        220          0          0   ROM Totals

==============================================================================

    Total RO  Size (Code + RO Data)                20428 (  19.95kB)
    Total RW  Size (RW Data + ZI Data)             18544 (  18.11kB)
    Total ROM Size (Code + RO Data + RW Data)      20648 (  20.16kB)

==============================================================================

